python : INFO:utils.iot_simulator:湲곌린 temp_kitchen 異붽???
위치 줄:1 문자:1
+ python -m unittest discover tests > test_output.txt 2>&1
+ ~~~~~~~~~~~~~~~~~~~~~~~~~~~~~~~~~~~~~~~~~~~~~~~~~~~~~~~~
    + CategoryInfo          : NotSpecified: (INFO:utils.iot_...p_kitchen 異붽???:String) [], RemoteException
    + FullyQualifiedErrorId : NativeCommandError
 
INFO:utils.iot_simulator:湲곌린 temp_dining 異붽???
INFO:utils.iot_simulator:湲곌린 temp_storage 異붽???
INFO:utils.iot_simulator:湲곌린 hum_kitchen 異붽???
INFO:utils.iot_simulator:湲곌린 hum_dining 異붽???
INFO:utils.iot_simulator:湲곌린 weight_meat 異붽???
INFO:utils.iot_simulator:湲곌린 weight_vegetables 異붽???
INFO:utils.iot_simulator:湲곌린 weight_dairy 異붽???
INFO:utils.iot_simulator:湲곌린 motion_kitchen 異붽???
INFO:utils.iot_simulator:湲곌린 motion_dining 異붽???
INFO:utils.iot_simulator:湲곌린 motion_storage 異붽???
INFO:utils.iot_simulator:湲곌린 fridge_main 異붽???
INFO:utils.iot_simulator:湲곌린 fridge_display 異붽???
INFO:utils.iot_simulator:湲곌린 light_kitchen 異붽???
INFO:utils.iot_simulator:湲곌린 light_dining 異붽???
INFO:utils.iot_simulator:湲곌린 light_storage 異붽???
INFO:utils.iot_simulator:?섑뵆 IoT 湲곌린 ?앹꽦 ?꾨즺
INFO:utils.iot_simulator:湲곌린 temp_kitchen ?쒖옉??
INFO:utils.iot_simulator:湲곌린 temp_dining ?쒖옉??
INFO:utils.iot_simulator:湲곌린 temp_storage ?쒖옉??
INFO:utils.iot_simulator:湲곌린 hum_kitchen ?쒖옉??
INFO:utils.iot_simulator:湲곌린 hum_dining ?쒖옉??
INFO:utils.iot_simulator:湲곌린 weight_meat ?쒖옉??
INFO:utils.iot_simulator:湲곌린 weight_vegetables ?쒖옉??
INFO:utils.iot_simulator:湲곌린 weight_dairy ?쒖옉??
INFO:utils.iot_simulator:湲곌린 motion_kitchen ?쒖옉??
INFO:utils.iot_simulator:湲곌린 motion_dining ?쒖옉??
INFO:utils.iot_simulator:湲곌린 motion_storage ?쒖옉??
INFO:utils.iot_simulator:湲곌린 light_kitchen ?쒖옉??
INFO:utils.iot_simulator:湲곌린 light_dining ?쒖옉??
INFO:utils.iot_simulator:湲곌린 light_storage ?쒖옉??
INFO:utils.iot_simulator:16媛?湲곌린 ?쒖옉??
INFO:utils.iot_simulator:IoT ?쒖뒪??珥덇린???꾨즺
INFO:core.backend.auto_router:?먮룞 ?쇱슦???깅줉 ?쒖옉
INFO:core.backend.auto_router:湲곗〈 釉붾（?꾨┛???먮룞 ?깅줉 ?쒖옉
INFO:core.backend.auto_router:釉붾（?꾨┛???깅줉 ?꾨즺: api.auth.api_auth_bp
INFO:core.backend.auto_router:釉붾（?꾨┛???깅줉 ?꾨즺: api.notice.api_notice_bp
INFO:core.backend.auto_router:釉붾（?꾨┛???깅줉 ?꾨즺: api.comment.api_comment_bp
INFO:core.backend.auto_router:釉붾（?꾨┛???깅줉 ?꾨즺: api.report.api_report_bp
INFO:core.backend.auto_router:釉붾（?꾨┛???깅줉 ?꾨즺: api.admin_log.admin_log_bp
INFO:core.backend.auto_router:釉붾（?꾨┛???깅줉 ?꾨즺: api.admin_report.admin_report_bp
INFO:core.backend.auto_router:釉붾（?꾨┛???깅줉 ?꾨즺: api.admin_report_stat.admin_report_stat_bp
INFO:core.backend.auto_router:釉붾（?꾨┛???깅줉 ?꾨즺: api.comment_report.comment_report_bp
INFO:core.backend.auto_router:釉붾（?꾨┛???깅줉 ?꾨즺: api.staff.staff_bp
INFO:core.backend.auto_router:釉붾（?꾨┛???깅줉 ?꾨즺: api.contracts.contracts_bp
INFO:core.backend.auto_router:釉붾（?꾨┛???깅줉 ?꾨즺: api.health.health_bp
INFO:core.backend.auto_router:釉붾（?꾨┛???깅줉 ?꾨즺: api.brand_management.brand_management_bp
INFO:core.backend.auto_router:釉붾（?꾨┛???깅줉 ?꾨즺: api.store_management.store_management_bp
INFO:core.backend.auto_router:釉붾（?꾨┛???깅줉 ?꾨즺: api.ai_management.ai_management_bp
INFO:core.backend.auto_router:釉붾（?꾨┛???깅줉 ?꾨즺: api.approval_workflow.approval_workflow_bp
INFO:core.backend.auto_router:釉붾（?꾨┛???깅줉 ?꾨즺: api.improvement_requests.improvement_requests_bp
INFO:core.backend.auto_router:釉붾（?꾨┛???깅줉 ?꾨즺: api.iot_api.iot_bp
INFO:core.backend.auto_router:釉붾（?꾨┛???깅줉 ?꾨즺: api.modules.user_management.user_management
INFO:core.backend.auto_router:釉붾（?꾨┛???깅줉 ?꾨즺: api.modules.notification_system.notification_system
INFO:core.backend.auto_router:釉붾（?꾨┛???깅줉 ?꾨즺: api.modules.schedule_management.schedule_management
INFO:core.backend.auto_router:釉붾（?꾨┛???깅줉 ?꾨즺: api.modules.optimization.optimization
INFO:core.backend.auto_router:釉붾（?꾨┛???깅줉 ?꾨즺: api.modules.monitoring.monitoring
INFO:core.backend.auto_router:釉붾（?꾨┛???깅줉 ?꾨즺: api.plugin_management.plugin_management_bp
INFO:core.backend.auto_router:釉붾（?꾨┛???깅줉 ?꾨즺: api.plugin_security.plugin_security_bp
INFO:core.backend.auto_router:釉붾（?꾨┛???깅줉 ?꾨즺: api.plugin_system_manager_api.plugin_system_manager_bp
INFO:core.backend.auto_router:釉붾（?꾨┛???깅줉 ?꾨즺: api.plugin_operations_api.plugin_operations_bp
INFO:core.backend.auto_router:釉붾（?꾨┛???깅줉 ?꾨즺: api.dynamic_schema.dynamic_schema_bp
INFO:core.backend.realtime_notifications:梨꾨꼸 ?앹꽦: system - ?쒖뒪???뚮┝
INFO:core.backend.realtime_notifications:梨꾨꼸 ?앹꽦: admin - 愿由ъ옄 ?뚮┝
INFO:core.backend.realtime_notifications:梨꾨꼸 ?앹꽦: user - ?ъ슜???뚮┝
INFO:core.backend.realtime_notifications:梨꾨꼸 ?앹꽦: restaurant - ?덉뒪?좊옉 ?뚮┝
INFO:core.backend.realtime_notifications:梨꾨꼸 ?앹꽦: orders - 二쇰Ц ?뚮┝
INFO:core.backend.realtime_notifications:梨꾨꼸 ?앹꽦: inventory - ?ш퀬 ?뚮┝
INFO:core.backend.auto_router:釉붾（?꾨┛???깅줉 ?꾨즺: api.realtime_notifications.realtime_notifications_bp
INFO:core.backend.ai_prediction:AI ?덉륫 ?붿쭊 珥덇린??
INFO:core.backend.auto_router:釉붾（?꾨┛???깅줉 ?꾨즺: api.ai_prediction.ai_prediction_bp
INFO:core.backend.auto_router:釉붾（?꾨┛???깅줉 ?꾨즺: api.advanced_analytics.advanced_analytics_bp
INFO:core.backend.auto_router:釉붾（?꾨┛???깅줉 ?꾨즺: api.mobile_api.mobile_api_bp
INFO:core.backend.auto_router:釉붾（?꾨┛???깅줉 ?꾨즺: api.security_enhanced.security_enhanced_bp
INFO:core.backend.auto_router:釉붾（?꾨┛???깅줉 ?꾨즺: api.performance_optimized.performance_optimized_bp
INFO:core.backend.auto_router:釉붾（?꾨┛???깅줉 ?꾨즺: routes.plugin_management.plugin_management_page_bp
INFO:core.backend.auto_router:湲곗〈 釉붾（?꾨┛???깅줉 ?꾨즺: 34/34
INFO:core.backend.auto_router:?뚮윭洹몄씤 ?쇱슦???깅줉 ?쒖옉
INFO:core.backend.plugin_loader:紐⑤뱺 ?뚮윭洹몄씤 濡쒕뱶 ?쒖옉
WARNING:core.backend.plugin_loader:?뚮윭洹몄씤 attendance_management??config/plugin.json???놁뒿?덈떎
INFO:core.backend.plugin_loader:?뚮윭洹몄씤 諛쒓껄: core_management
INFO:core.backend.plugin_loader:?뚮윭洹몄씤 諛쒓껄: deployed
INFO:core.backend.plugin_loader:?뚮윭洹몄씤 諛쒓껄: marketplace
INFO:core.backend.plugin_loader:?뚮윭洹몄씤 諛쒓껄: restaurant_management
WARNING:core.backend.plugin_loader:?뚮윭洹몄씤 samples??config/plugin.json???놁뒿?덈떎
WARNING:core.backend.plugin_loader:?뚮윭洹몄씤 sdk??config/plugin.json???놁뒿?덈떎
WARNING:core.backend.plugin_loader:?뚮윭洹몄씤 settings??config/plugin.json???놁뒿?덈떎
WARNING:core.backend.plugin_loader:?뚮윭洹몄씤 settings_backup??config/plugin.json???놁뒿?덈떎
WARNING:core.backend.plugin_loader:?뚮윭洹몄씤 settings_templates??config/plugin.json???놁뒿?덈떎
INFO:core.backend.plugin_loader:?뚮윭洹몄씤 core_management 濡쒕뱶 ?꾨즺
INFO:core.backend.plugin_loader:?뚮윭洹몄씤 deployed 濡쒕뱶 ?꾨즺
INFO:apscheduler.scheduler:Adding job tentatively -- it will be properly scheduled when the scheduler start
s
INFO:apscheduler.scheduler:Added job "send_pending_approval_report" to job store "default"
INFO:apscheduler.scheduler:Scheduler started
ERROR:core.backend.plugin_loader:?뚮윭洹몄씤 marketplace??create_plugin ?⑥닔??Plugin ?대옒?ㅺ? ?놁뒿?덈떎
INFO:core.backend.plugin_loader:?뚮윭洹몄씤 restaurant_management 濡쒕뱶 ?꾨즺
INFO:core.backend.plugin_loader:?뚮윭洹몄씤 濡쒕뱶 ?꾨즺: 3/4
INFO:core.backend.auto_router:?뚮윭洹몄씤 core_management???깅줉???쇱슦?멸? ?놁뒿?덈떎
INFO:core.backend.auto_router:?뚮윭洹몄씤 deployed???깅줉???쇱슦?멸? ?놁뒿?덈떎
INFO:core.backend.auto_router:?뚮윭洹몄씤 ?쇱슦???깅줉: restaurant_management/menu
INFO:core.backend.auto_router:?뚮윭洹몄씤 ?쇱슦???깅줉: restaurant_management/orders
INFO:core.backend.auto_router:?뚮윭洹몄씤 ?쇱슦???깅줉: restaurant_management/inventory
INFO:core.backend.auto_router:?뚮윭洹몄씤 ?쇱슦???깅줉: restaurant_management/analytics
INFO:core.backend.auto_router:?뚮윭洹몄씤 restaurant_management??4媛??쇱슦???깅줉 ?꾨즺
INFO:core.backend.auto_router:?뚮윭洹몄씤 ?쇱슦???깅줉 ?꾨즺: 1/3
INFO:core.backend.auto_router:?먮룞 ?쇱슦???깅줉 ?꾨즺: ?깃났=True
INFO:core.backend.plugin_manager:?뚮윭洹몄씤 諛쒓껄: core_management
INFO:core.backend.plugin_manager:?뚮윭洹몄씤 諛쒓껄: deployed
INFO:core.backend.plugin_manager:?뚮윭洹몄씤 諛쒓껄: marketplace
INFO:core.backend.plugin_manager:?뚮윭洹몄씤 諛쒓껄: restaurant_management
INFO:core.backend.plugin_manager:?뚮윭洹몄씤 core_management 釉붾（?꾨┛???깅줉 ?꾨즺
INFO:core.backend.plugin_manager:?뚮윭洹몄씤 core_management 濡쒕뱶 ?꾨즺
INFO:core.backend.plugin_manager:?뚮윭洹몄씤 deployed 釉붾（?꾨┛???깅줉 ?꾨즺
INFO:core.backend.plugin_manager:?뚮윭洹몄씤 deployed 濡쒕뱶 ?꾨즺
INFO:apscheduler.scheduler:Adding job tentatively -- it will be properly scheduled when the scheduler start
s
INFO:apscheduler.scheduler:Added job "send_pending_approval_report" to job store "default"
INFO:apscheduler.scheduler:Scheduler started
WARNING:core.backend.plugin_manager:?뚮윭洹몄씤 marketplace?먯꽌 釉붾（?꾨┛?몃? 李얠쓣 ???놁뒿?덈떎
INFO:core.backend.plugin_manager:?뚮윭洹몄씤 restaurant_management 釉붾（?꾨┛???깅줉 ?꾨즺
INFO:core.backend.plugin_manager:?뚮윭洹몄씤 restaurant_management 濡쒕뱶 ?꾨즺
INFO:app:?뚮윭洹몄씤 濡쒕뱶 寃곌낵: {'core_management': True, 'deployed': True, 'marketplace': False, 'restaurant_mana
gement': True}
INFO:app:?뚮윭洹몄씤 ?쒖뒪??留ㅻ땲? API 釉붾（?꾨┛???깅줉 ?꾨즺
INFO:app:?뚮윭洹몄씤 ?댁쁺 API 釉붾（?꾨┛???깅줉 ?꾨즺
INFO:app:?뚮윭洹몄씤 紐⑤땲?곕쭅 ??쒕낫??API 釉붾（?꾨┛???깅줉 ?꾨즺
INFO:app:Auth 釉붾（?꾨┛???깅줉 ?꾨즺
INFO:core.backend.enhanced_realtime_alerts:?뚮┝ ?곗씠?곕쿋?댁뒪 珥덇린???꾨즺
INFO:core.backend.enhanced_realtime_alerts:?뚮┝ ?ㅼ젙 濡쒕뱶 ?꾨즺: 0媛?
ERROR:app:怨좊룄?붾맂 ?ㅼ떆媛??뚮┝ ?쒖뒪??API 釉붾（?꾨┛???깅줉 ?ㅽ뙣: non-default argument 'metric' follows default argument
ERROR:app:?뚮윭洹몄씤 紐⑤땲?곕쭅怨??ㅼ떆媛??뚮┝ ?듯빀 ?쒖뒪???쒖옉 ?ㅽ뙣: non-default argument 'metric' follows default argument
INFO:core.backend.advanced_plugin_monitoring:怨좊룄?붾맂 紐⑤땲?곕쭅 ?곗씠?곕쿋?댁뒪 珥덇린???꾨즺
INFO:app:怨좊룄?붾맂 ?뚮윭洹몄씤 紐⑤땲?곕쭅 API 釉붾（?꾨┛???깅줉 ?꾨즺
INFO:app:?뚮┝ 愿由?API 釉붾（?꾨┛???깅줉 ?꾨즺
WARNING:utils.advanced_caching:Redis ?곌껐 ?ㅽ뙣: Timeout connecting to server
INFO:utils.advanced_caching:Redis ?놁씠 ?뚯씪 罹먯떆留??ъ슜?⑸땲??
INFO:utils.advanced_caching:L3 罹먯떆 (?뚯씪) 珥덇린?? cache
INFO:app:?깅뒫 理쒖쟻??API 釉붾（?꾨┛???깅줉 ?꾨즺
INFO:app:?뚮윭洹몄씤 ?깅뒫 理쒖쟻??API 釉붾（?꾨┛???깅줉 ?꾨즺
INFO:app:釉뚮옖???⑤낫??API 釉붾（?꾨┛???깅줉 ?꾨즺
INFO:app:釉뚮옖???⑤낫???쇱슦??釉붾（?꾨┛???깅줉 ?꾨즺
ERROR:app:移댁뭅??API 愿由?釉붾（?꾨┛???깅줉 ?ㅽ뙣: No module named 'config.kakao_api_config'; 'config' is not a packag
e
ERROR:app:二쇱냼 寃利?API 釉붾（?꾨┛???깅줉 ?ㅽ뙣: No module named 'models.database'; 'models' is not a package
INFO:app:紐⑤뱢 媛쒕컻 ?쒖뒪??API 釉붾（?꾨┛???깅줉 ?꾨즺
INFO:core.backend.enhanced_marketplace:留덉폆?뚮젅?댁뒪 ?곗씠?곕쿋?댁뒪 珥덇린???꾨즺
INFO:core.backend.enhanced_marketplace:?섑뵆 ?뚮윭洹몄씤 ?곗씠??濡쒕뱶 ?꾨즺
INFO:app:怨좊룄?붾맂 留덉폆?뚮젅?댁뒪 API 釉붾（?꾨┛???깅줉 ?꾨즺
INFO:core.backend.enhanced_security_monitor:蹂댁븞 紐⑤땲?곕쭅 ?곗씠?곕쿋?댁뒪 珥덇린???꾨즺
INFO:core.backend.enhanced_security_monitor:蹂댁븞 洹쒖튃 濡쒕뱶 ?꾨즺 - ?낆꽦肄붾뱶 ?쒓렇?덉쿂: 16, ?섏떖 ?⑦꽩: 9
INFO:app:怨좊룄?붾맂 蹂댁븞 紐⑤땲?곕쭅 API 釉붾（?꾨┛???깅줉 ?꾨즺
WARNING:core.backend.plugin_automation_workflow:Docker ?대씪?댁뼵??珥덇린???ㅽ뙣: Error while fetching server API ve
rsion: (2, 'CreateFile', '吏?뺣맂 ?뚯씪??李얠쓣 ???놁뒿?덈떎.')
ERROR:app:?뚮윭洹몄씤 ?먮룞??諛??뚰겕?뚮줈??API 釉붾（?꾨┛???깅줉 ?ㅽ뙣: No module named 'core.backend.plugin_automation_manage
r'
INFO:core.backend.contract_generator:湲곕낯 怨꾩빟 ?쒗뵆由??앹꽦 ?꾨즺
INFO:core.backend.contract_generator:怨꾩빟 ?곗씠?곕쿋?댁뒪 珥덇린???꾨즺
INFO:app:怨꾩빟 ?앹꽦湲?API 釉붾（?꾨┛???깅줉 ?꾨즺
ERROR:app:異쒗눜洹?愿由??곕え API 釉붾（?꾨┛???깅줉 ?ㅽ뙣: No module named 'utils.auth_utils'
INFO:app:紐⑤뱢 留덉폆?뚮젅?댁뒪 ?쇱슦??釉붾（?꾨┛???깅줉 ?꾨즺
INFO:app:留덉폆?뚮젅?댁뒪 ?곕え API 釉붾（?꾨┛???깅줉 ?꾨즺
INFO:app:異쒗눜洹?愿由?API 釉붾（?꾨┛???깅줉 ?꾨즺
INFO:app:紐⑤뱢 愿由?API 釉붾（?꾨┛???깅줉 ?꾨즺
ERROR:core.backend.plugin_microservice_manager:Docker ?대씪?댁뼵??珥덇린???ㅽ뙣: Error while fetching server API ver
sion: (2, 'CreateFile', '吏?뺣맂 ?뚯씪??李얠쓣 ???놁뒿?덈떎.')
INFO:core.backend.plugin_microservice_manager:?ъ뒪 泥댄겕 紐⑤땲?곕쭅 ?쒖옉
ERROR:core.backend.plugin_microservice_manager:Docker ?대씪?댁뼵??珥덇린???ㅽ뙣: Error while fetching server API ver
sion: (2, 'CreateFile', '吏?뺣맂 ?뚯씪??李얠쓣 ???놁뒿?덈떎.')
INFO:core.backend.plugin_microservice_manager:?ъ뒪 泥댄겕 紐⑤땲?곕쭅 ?쒖옉
INFO:app:?뚮윭洹몄씤 留덉씠?щ줈?쒕퉬??API 釉붾（?꾨┛???깅줉 ?꾨즺
INFO:core.backend.plugin_ai_analytics:?뚮윭洹몄씤 AI 遺꾩꽍 ?쒖뒪??珥덇린???꾨즺
INFO:app:?뚮윭洹몄씤 AI 遺꾩꽍 諛??덉륫 API 釉붾（?꾨┛???깅줉 ?꾨즺
INFO:app:?뚮윭洹몄씤 ?ㅼ젙 愿由?API 釉붾（?꾨┛???깅줉 ?꾨즺
INFO:app:紐⑤뱢 愿由?API 釉붾（?꾨┛???깅줉 ?꾨즺
INFO:app:愿由ъ옄 ??쒕낫??API 釉붾（?꾨┛???깅줉 ?꾨즺
INFO:app:?뚮윭洹몄씤 ?쇰뱶諛?API 釉붾（?꾨┛???깅줉 ?꾨즺
INFO:app:?뚮윭洹몄씤 而ㅼ뒪?곕쭏?댁쭠 API 釉붾（?꾨┛???깅줉 ?꾨즺
INFO:app:?뚮윭洹몄씤 ?ㅼ젙 愿由?API 釉붾（?꾨┛???깅줉 ?꾨즺
INFO:app:釉뚮옖??愿由ъ옄 ?뱀씤 ?쇱슦???깅줉 ?꾨즺
INFO:app:釉뚮옖?쒕퀎 愿由??쇱슦???깅줉 ?꾨즺
INFO:app:留ㅼ옣蹂?愿由??쇱슦???깅줉 ?꾨즺
INFO:app:吏곸썝蹂?愿由??쇱슦???깅줉 ?꾨즺
INFO:app:?쇰뱶諛?愿由??쇱슦???깅줉 ?꾨즺
INFO:app:?깅뒫 遺꾩꽍 API 釉붾（?꾨┛???깅줉 ?꾨즺
INFO:core.backend.plugin_optimizer:?뚮윭洹몄씤 ?깅뒫 理쒖쟻???쒖뒪???쒖옉
INFO:app:?뚮윭洹몄씤 ?깅뒫 理쒖쟻???쒖뒪???쒖옉
INFO:core.backend.plugin_backup_manager:?뚮윭洹몄씤 ?먮룞 諛깆뾽 ?쒖뒪???쒖옉
INFO:app:?뚮윭洹몄씤 ?먮룞 諛깆뾽 ?쒖뒪???쒖옉
INFO:core.backend.schema_initializer:湲곕낯 ?ㅽ궎留?珥덇린???쒖옉
INFO:core.backend.dynamic_schema:?낆쥌 ?ㅽ궎留??깅줉: restaurant
INFO:core.backend.schema_initializer:?낆쥌 ?ㅽ궎留?濡쒕뱶 ?꾨즺: ?덉뒪?좊옉 ?낆쥌
INFO:core.backend.schema_initializer:湲곕낯 ?ㅽ궎留?珥덇린???꾨즺
INFO:core.backend.dynamic_schema:釉뚮옖???ㅽ궎留??깅줉: sample_restaurant
INFO:core.backend.schema_initializer:?섑뵆 釉뚮옖???ㅽ궎留??앹꽦 ?꾨즺
INFO:utils.query_optimizer:荑쇰━ 理쒖쟻???쒖뒪??珥덇린???꾨즺
INFO:utils.query_optimizer:荑쇰━ 紐⑤땲?곕쭅 ?쒖옉
INFO:app:荑쇰━ 理쒖쟻???쒖뒪??珥덇린???꾨즺
WARNING:core.backend.plugin_backup_manager:諛깆뾽?먯꽌 ?뚯씪 ?꾨씫: plugins/attendance_management/backend\attendance
_api.py, plugins/attendance_management/backend\attendance_models.py, plugins/attendance_management/backend\
attendance_service.py...
INFO:core.backend.plugin_backup_manager:?뚮윭洹몄씤 諛깆뾽 ?앹꽦 ?꾨즺: backups\plugins\plugin_backup_20250715_224710.z
ip
INFO:core.backend.plugin_backup_manager:諛깆뾽 媛쒖닔 珥덇낵濡??쒓굅: plugin_backup_20250715_220852.zip
INFO:core.backend.central_data_layer:以묒븰 ?곗씠?곕쿋?댁뒪 珥덇린???꾨즺
WARNING:core.backend.plugin_backup_manager:諛깆뾽?먯꽌 ?뚯씪 ?꾨씫: plugins/attendance_management/backend\attendance
_api.py, plugins/attendance_management/backend\attendance_models.py, plugins/attendance_management/backend\
attendance_service.py...
INFO:core.backend.central_data_layer:?섑뵆 ?곗씠??濡쒕뱶 ?꾨즺
WARNING:core.backend.plugin_backup_manager:諛깆뾽?먯꽌 ?뚯씪 ?꾨씫: plugins/attendance_management/backend\attendance
_api.py, plugins/attendance_management/backend\attendance_models.py, plugins/attendance_management/backend\
attendance_service.py...
WARNING:core.backend.plugin_backup_manager:諛깆뾽?먯꽌 ?뚯씪 ?꾨씫: plugins/attendance_management/backend\attendance
_api.py, plugins/attendance_management/backend\attendance_models.py, plugins/attendance_management/backend\
attendance_service.py...
INFO:core.backend.central_data_layer:以묒븰 ?곗씠?곕쿋?댁뒪 珥덇린???꾨즺
INFO:core.backend.central_data_layer:?섑뵆 ?곗씠??濡쒕뱶 ?꾨즺
ERROR:app:紐⑤뱢 留덉폆?뚮젅?댁뒪 API 釉붾（?꾨┛???깅줉 ?ㅽ뙣: 'IntegratedModuleSystem' object has no attribute '_update_perf
ormance_metrics'
INFO:core.backend.central_data_layer:以묒븰 ?곗씠?곕쿋?댁뒪 珥덇린???꾨즺
INFO:core.backend.central_data_layer:?섑뵆 ?곗씠??濡쒕뱶 ?꾨즺
ERROR:app:紐⑤뱢 ?ㅼ튂 ?쒖뒪??珥덇린???ㅽ뙣: 'IntegratedModuleSystem' object has no attribute '_update_performance_metr
ics'
ERROR:app:硫붾돱 API 釉붾（?꾨┛???깅줉 ?ㅽ뙣: cannot import name 'menu_integration_system' from 'core.backend.menu_int
egration_system' (C:\your_program\core\backend\menu_integration_system.py)
ERROR:app:紐⑤뱢 媛쒕컻 紐⑤뱶 API 釉붾（?꾨┛???깅줉 ?ㅽ뙣: cannot import name 'module_dev_api_bp' from 'api.module_developm
ent_api' (C:\your_program\api\module_development_api.py)
ERROR:app:紐⑤뱢 留덉폆?뚮젅?댁뒪 ?쇱슦??釉붾（?꾨┛???깅줉 ?ㅽ뙣: The name 'module_marketplace_routes' is already registered fo
r this blueprint. Use 'name=' to provide a unique name.
INFO:app:紐⑤뱢 媛쒕컻 紐⑤뱶 ?쇱슦??釉붾（?꾨┛???깅줉 ?꾨즺
INFO:core.backend.central_data_layer:以묒븰 ?곗씠?곕쿋?댁뒪 珥덇린???꾨즺
INFO:core.backend.central_data_layer:?섑뵆 ?곗씠??濡쒕뱶 ?꾨즺
ERROR:app:?듯빀 ?곕룞 API 釉붾（?꾨┛???깅줉 ?ㅽ뙣: 'IntegratedModuleSystem' object has no attribute '_update_performanc
e_metrics'
INFO:core.backend.central_data_layer:以묒븰 ?곗씠?곕쿋?댁뒪 珥덇린???꾨즺
INFO:core.backend.central_data_layer:?섑뵆 ?곗씠??濡쒕뱶 ?꾨즺
ERROR:app:?듯빀 ?곕룞 ?쒖뒪???쒖옉 ?ㅽ뙣: 'IntegratedModuleSystem' object has no attribute '_update_performance_metri
cs'
INFO:app:紐⑤뱢/?뚮윭洹몄씤 ?듯빀 媛쒕컻 API 釉붾（?꾨┛???깅줉 ?꾨즺
INFO:app:紐⑤뱢/?뚮윭洹몄씤 媛쒕컻 ?섏씠吏 ?쇱슦??釉붾（?꾨┛???깅줉 ?꾨즺
INFO:main:媛怨꾨? ?곗씠?곕쿋?댁뒪 ?뚯씠釉??앹꽦 ?꾨즺
INFO:app:媛怨꾨? 紐⑤뱢 ?깅줉 ?꾨즺

[Flask ?쇱슦??紐⑸줉]
/static/<path:filename>                             [GET,HEAD,OPTIONS]  -> static
/api/auth/login                                     [OPTIONS,POST]  -> api_auth.api_login
/api/auth/refresh                                   [OPTIONS,POST]  -> api_auth.api_refresh
/api/auth/quick_admin_login                         [OPTIONS,POST]  -> api_auth.api_quick_admin_login
/api/auth/profile                                   [GET,HEAD,OPTIONS]  -> api_auth.api_profile
/api/notices/                                       [GET,HEAD,OPTIONS]  -> api_notice.get_notices
/api/notices/                                       [OPTIONS,POST]  -> api_notice.create_notice
/api/notices/<int:notice_id>/comments               [OPTIONS,POST]  -> api_comment.post_comment
/api/comments/<int:comment_id>                      [DELETE,OPTIONS]  -> api_comment.delete_comment
/api/report/                                        [OPTIONS,POST]  -> api_report.post_report
/api/admin/system-logs/                             [GET,HEAD,OPTIONS]  -> admin_log.get_system_logs
/api/admin/reports/                                 [GET,HEAD,OPTIONS]  -> admin_report.get_admin_reports
/api/admin/reports/<int:report_id>/resolve          [OPTIONS,POST]  -> admin_report.resolve_report
/api/admin/report-stats/                            [GET,HEAD,OPTIONS]  -> admin_report_stat.get_report_stats
/api/admin/comment-reports/                         [GET,HEAD,OPTIONS]  -> comment_report.get_comment_reports
/staff                                              [GET,HEAD,OPTIONS]  -> staff.get_staff_list
/staff/<int:staff_id>                               [GET,HEAD,OPTIONS]  -> staff.get_staff_detail
/staff/<int:staff_id>/documents                     [GET,HEAD,OPTIONS]  -> staff.get_staff_documents
/staff/expiring-documents                           [GET,HEAD,OPTIONS]  -> staff.get_expiring_documents
/staff/documents/<int:document_id>/download/<document_type>  [GET,HEAD,OPTIONS]  -> staff.download_document
/staff                                              [OPTIONS,POST]  -> staff.create_staff
/staff/<int:staff_id>                               [OPTIONS,PUT]  -> staff.update_staff
/staff/<int:staff_id>                               [DELETE,OPTIONS]  -> staff.delete_staff
/staff-stats                                        [GET,HEAD,OPTIONS]  -> staff.staff_stats
/staff-status                                       [GET,HEAD,OPTIONS]  -> staff.staff_status
/staff/pending                                      [GET,HEAD,OPTIONS]  -> staff.get_pending_staff
/staff/<int:staff_id>/approve                       [OPTIONS,POST]  -> staff.approve_staff
/staff/<int:staff_id>/reject                        [OPTIONS,POST]  -> staff.reject_staff
/generate                                           [OPTIONS,POST]  -> contracts.generate_contract
/download/<filename>                                [GET,HEAD,OPTIONS]  -> contracts.download_contract
/list                                               [GET,HEAD,OPTIONS]  -> contracts.list_contracts
/health                                             [GET,HEAD,OPTIONS]  -> health.health_check
/api/health                                         [GET,HEAD,OPTIONS]  -> health.api_health_check
/api/admin/brands/code-suggestions                  [OPTIONS,POST]  -> brand_management.get_brand_code_suggestions_api
/api/admin/industries                               [GET,HEAD,OPTIONS]  -> brand_management.get_industries
/brands                                             [OPTIONS,POST]  -> brand_management.create_brand
/brands                                             [GET,HEAD,OPTIONS]  -> brand_management.get_brands
/brands/<int:brand_id>                              [GET,HEAD,OPTIONS]  -> brand_management.get_brand
/brands/<int:brand_id>                              [OPTIONS,PUT]  -> brand_management.update_brand
/brands/<int:brand_id>                              [DELETE,OPTIONS]  -> brand_management.delete_brand
/stores                                             [GET,HEAD,OPTIONS]  -> store_management.get_stores
/stores                                             [OPTIONS,POST]  -> store_management.create_store
/stores/<int:store_id>                              [GET,HEAD,OPTIONS]  -> store_management.get_store
/stores/<int:store_id>                              [OPTIONS,PUT]  -> store_management.update_store
/stores/<int:store_id>/employees                    [GET,HEAD,OPTIONS]  -> store_management.get_store_employees
/stores/<int:store_id>/diagnoses                    [GET,HEAD,OPTIONS]  -> store_management.get_store_diagnoses
/stores/<int:store_id>/improvements                 [GET,HEAD,OPTIONS]  -> store_management.get_store_improvements
/diagnoses                                          [GET,HEAD,OPTIONS]  -> ai_management.get_diagnoses
/diagnoses/<int:diagnosis_id>                       [GET,HEAD,OPTIONS]  -> ai_management.get_diagnosis
/diagnoses/<int:diagnosis_id>                       [OPTIONS,PUT]  -> ai_management.update_diagnosis
/improvements                                       [GET,HEAD,OPTIONS]  -> ai_management.get_improvements
/improvements                                       [OPTIONS,POST]  -> ai_management.create_improvement
/improvements/<int:improvement_id>                  [GET,HEAD,OPTIONS]  -> ai_management.get_improvement
/improvements/<int:improvement_id>                  [OPTIONS,PUT]  -> ai_management.update_improvement
/suggestions                                        [GET,HEAD,OPTIONS]  -> ai_management.get_ai_suggestions
/suggestions/<int:suggestion_id>                    [OPTIONS,PUT]  -> ai_management.update_ai_suggestion
/workflows                                          [GET,HEAD,OPTIONS]  -> approval_workflow.get_workflows
/workflows/<int:workflow_id>                        [GET,HEAD,OPTIONS]  -> approval_workflow.get_workflow
/workflows/<int:workflow_id>/approve                [OPTIONS,POST]  -> approval_workflow.approve_workflow
/workflows/<int:workflow_id>/reject                 [OPTIONS,POST]  -> approval_workflow.reject_workflow
/workflows                                          [OPTIONS,POST]  -> approval_workflow.create_workflow
/workflows/pending                                  [GET,HEAD,OPTIONS]  -> approval_workflow.get_pending_workflows
/requests                                           [GET,HEAD,OPTIONS]  -> improvement_requests.get_improvement_requests
/requests/<int:request_id>                          [GET,HEAD,OPTIONS]  -> improvement_requests.get_improvement_request
/requests                                           [OPTIONS,POST]  -> improvement_requests.create_improvement_request
/requests/<int:request_id>                          [OPTIONS,PUT]  -> improvement_requests.update_improvement_request
/requests/<int:request_id>                          [DELETE,OPTIONS]  -> improvement_requests.delete_improvement_request
/requests/<int:request_id>/approve                  [OPTIONS,POST]  -> improvement_requests.approve_improvement_request
/requests/<int:request_id>/reject                   [OPTIONS,POST]  -> improvement_requests.reject_improvement_request
/api/iot/devices                                    [GET,HEAD,OPTIONS]  -> iot.get_devices
/api/iot/devices/<device_id>                        [GET,HEAD,OPTIONS]  -> iot.get_device_status
/api/iot/devices/<device_id>/data                   [GET,HEAD,OPTIONS]  -> iot.get_device_data
/api/iot/data/latest                                [GET,HEAD,OPTIONS]  -> iot.get_latest_data
/api/iot/data/analytics                             [GET,HEAD,OPTIONS]  -> iot.get_iot_analytics
/api/iot/alerts                                     [GET,HEAD,OPTIONS]  -> iot.get_iot_alerts
/api/iot/devices/<device_id>/control                [OPTIONS,POST]  -> iot.control_device
/api/iot/dashboard                                  [GET,HEAD,OPTIONS]  -> iot.get_iot_dashboard
/api/modules/user_management/users                  [GET,HEAD,OPTIONS]  -> user_management.get_users
/api/modules/user_management/users/<int:user_id>    [GET,HEAD,OPTIONS]  -> user_management.get_user
/api/modules/user_management/users                  [OPTIONS,POST]  -> user_management.create_user
/api/modules/user_management/users/<int:user_id>    [OPTIONS,PUT]  -> user_management.update_user
/api/modules/user_management/users/<int:user_id>    [DELETE,OPTIONS]  -> user_management.delete_user
/api/modules/user_management/users/stats            [GET,HEAD,OPTIONS]  -> user_management.get_user_stats
/api/modules/notification_system/notifications      [GET,HEAD,OPTIONS]  -> notification_system.get_notifications
/api/modules/notification_system/notifications/<int:notification_id>/read  [OPTIONS,PUT]  -> notification_system.mark_notification_read
/api/modules/notification_system/notifications/read-all  [OPTIONS,PUT]  -> notification_system.mark_all_notifications_read
/api/modules/notification_system/notifications/<int:notification_id>  [DELETE,OPTIONS]  -> notification_system.delete_notification
/api/modules/notification_system/settings           [GET,HEAD,OPTIONS]  -> notification_system.get_notification_settings
/api/modules/notification_system/settings           [OPTIONS,PUT]  -> notification_system.update_notification_settings
/api/modules/notification_system/test               [OPTIONS,POST]  -> notification_system.send_test_notification
/api/modules/notification_system/stats              [GET,HEAD,OPTIONS]  -> notification_system.get_notification_stats
/api/modules/schedule_management/schedules          [OPTIONS,POST]  -> schedule_management.create_schedule
/api/modules/schedule_management/schedules          [GET,HEAD,OPTIONS]  -> schedule_management.get_schedules
/api/modules/schedule_management/schedules/<int:schedule_id>  [GET,HEAD,OPTIONS]  -> schedule_management.get_schedule
/api/modules/schedule_management/schedules/<int:schedule_id>  [OPTIONS,PUT]  -> schedule_management.update_schedule
/api/modules/schedule_management/schedules/<int:schedule_id>  [DELETE,OPTIONS]  -> schedule_management.delete_schedule
/api/modules/schedule_management/schedules/stats    [GET,HEAD,OPTIONS]  -> schedule_management.get_schedule_stats
/api/modules/optimization/users/optimized           [GET,HEAD,OPTIONS]  -> optimization.get_users_optimized
/api/modules/optimization/orders/stats/optimized    [GET,HEAD,OPTIONS]  -> optimization.get_orders_stats_optimized
/api/modules/optimization/dashboard/lazy            [GET,HEAD,OPTIONS]  -> optimization.get_dashboard_lazy
/api/modules/optimization/stats/cached              [GET,HEAD,OPTIONS]  -> optimization.get_cached_stats
/api/modules/optimization/performance/monitor       [GET,HEAD,OPTIONS]  -> optimization.get_performance_monitor
/api/modules/monitoring/system/status               [GET,HEAD,OPTIONS]  -> monitoring.get_system_status
/api/modules/monitoring/logs/errors                 [GET,HEAD,OPTIONS]  -> monitoring.get_error_logs
/api/modules/monitoring/logs/performance            [GET,HEAD,OPTIONS]  -> monitoring.get_performance_logs
/api/modules/monitoring/alerts/settings             [GET,HEAD,OPTIONS,PUT]  -> monitoring.alert_settings
/api/modules/monitoring/metrics/collect             [OPTIONS,POST]  -> monitoring.collect_metrics
/api/modules/monitoring/logs/cleanup                [OPTIONS,POST]  -> monitoring.cleanup_logs
/api/plugins                                        [GET,HEAD,OPTIONS]  -> plugin_management.get_plugins
/api/plugins/register                               [OPTIONS,POST]  -> plugin_management.register_plugin
/api/plugins/<plugin_id>                            [GET,HEAD,OPTIONS]  -> plugin_management.get_plugin_detail
/api/plugins/<plugin_id>/enable                     [OPTIONS,POST]  -> plugin_management.enable_plugin
/api/plugins/<plugin_id>/disable                    [OPTIONS,POST]  -> plugin_management.disable_plugin
/api/plugins/<plugin_id>/reload                     [OPTIONS,POST]  -> plugin_management.reload_plugin
/api/plugins/<plugin_id>/config                     [GET,HEAD,OPTIONS]  -> plugin_management.get_plugin_config
/api/plugins/<plugin_id>/config                     [OPTIONS,PUT]  -> plugin_management.update_plugin_config
/api/plugins/scan                                   [OPTIONS,POST]  -> plugin_management.scan_plugins
/api/plugins/status                                 [GET,HEAD,OPTIONS]  -> plugin_management.get_plugins_status
/api/plugins/<plugin_id>/api-docs                   [GET,HEAD,OPTIONS]  -> plugin_management.get_plugin_api_docs
/api/plugins/<plugin_id>/schema                     [GET,HEAD,OPTIONS]  -> plugin_management.get_plugin_schema
/api/plugins/<plugin_id>/schema                     [OPTIONS,PUT]  -> plugin_management.update_plugin_schema
/api/plugins/market                                 [GET,HEAD,OPTIONS]  -> plugin_management.get_plugin_market
/api/plugins/<plugin_id>/install                    [OPTIONS,POST]  -> plugin_management.install_plugin
/api/plugins/<plugin_id>/uninstall                  [OPTIONS,POST]  -> plugin_management.uninstall_plugin
/api/plugins/<plugin_id>/update                     [OPTIONS,POST]  -> plugin_management.update_plugin
/api/plugins/<plugin_id>/rollback                   [OPTIONS,POST]  -> plugin_management.rollback_plugin
/api/plugins/<plugin_id>/versions                   [GET,HEAD,OPTIONS]  -> plugin_management.get_plugin_versions
/api/plugins/<plugin_id>/logs                       [GET,HEAD,OPTIONS]  -> plugin_management.get_plugin_logs
/api/plugins/<plugin_id>/metrics                    [GET,HEAD,OPTIONS]  -> plugin_management.get_plugin_metrics
/api/plugins/history                                [GET,HEAD,OPTIONS]  -> plugin_management.get_installation_history
/api/plugin-security/policies                       [GET,HEAD,OPTIONS]  -> plugin_security.get_security_policies
/api/plugin-security/policies                       [OPTIONS,POST]  -> plugin_security.create_security_policy
/api/plugin-security/policies/<plugin_id>           [OPTIONS,PUT]  -> plugin_security.update_security_policy
/api/plugin-security/policies/<plugin_id>           [DELETE,OPTIONS]  -> plugin_security.delete_security_policy
/api/plugin-security/api-keys                       [GET,HEAD,OPTIONS]  -> plugin_security.get_api_keys
/api/plugin-security/api-keys                       [OPTIONS,POST]  -> plugin_security.generate_api_key
/api/plugin-security/api-keys/<key_id>/revoke       [OPTIONS,POST]  -> plugin_security.revoke_api_key
/api/plugin-security/validate-api-key               [OPTIONS,POST]  -> plugin_security.validate_api_key
/api/plugin-security/audit-logs                     [GET,HEAD,OPTIONS]  -> plugin_security.get_audit_logs
/api/plugin-security/vulnerabilities                [GET,HEAD,OPTIONS]  -> plugin_security.get_vulnerabilities
/api/plugin-security/vulnerabilities/scan/<plugin_id>  [OPTIONS,POST]  -> plugin_security.scan_vulnerabilities
/api/plugin-security/vulnerabilities/<report_id>/status  [OPTIONS,PUT]  -> plugin_security.update_vulnerability_status
/api/plugin-security/permissions/check              [OPTIONS,POST]  -> plugin_security.check_permission
/api/plugin-security/security-levels                [GET,HEAD,OPTIONS]  -> plugin_security.get_security_levels
/api/plugin-security/permission-types               [GET,HEAD,OPTIONS]  -> plugin_security.get_permission_types
/api/plugin-system/status                           [GET,HEAD,OPTIONS]  -> plugin_system_manager.get_system_status
/api/plugin-system/scan                             [OPTIONS,POST]  -> plugin_system_manager.scan_plugins
/api/plugin-system/plugins                          [GET,HEAD,OPTIONS]  -> plugin_system_manager.get_plugins
/api/plugin-system/plugins/<plugin_name>            [GET,HEAD,OPTIONS]  -> plugin_system_manager.get_plugin_info
/api/plugin-system/plugins/<plugin_name>/validate   [OPTIONS,POST]  -> plugin_system_manager.validate_plugin
/api/plugin-system/health                           [GET,HEAD,OPTIONS]  -> plugin_system_manager.health_check
/api/plugin-operations/status                       [GET,HEAD,OPTIONS]  -> plugin_operations.get_operations_status
/api/plugin-operations/start                        [OPTIONS,POST]  -> plugin_operations.start_operations
/api/plugin-operations/stop                         [OPTIONS,POST]  -> plugin_operations.stop_operations
/api/plugin-operations/metrics                      [GET,HEAD,OPTIONS]  -> plugin_operations.get_performance_metrics
/api/plugin-operations/alerts                       [GET,HEAD,OPTIONS]  -> plugin_operations.get_alerts
/api/plugin-operations/alerts/clear                 [OPTIONS,POST]  -> plugin_operations.clear_alerts
/api/plugin-operations/thresholds                   [GET,HEAD,OPTIONS]  -> plugin_operations.get_thresholds
/api/plugin-operations/thresholds                   [OPTIONS,POST]  -> plugin_operations.set_threshold
/api/plugin-operations/health                       [GET,HEAD,OPTIONS]  -> plugin_operations.get_health_status
/api/plugin-operations/logs                         [GET,HEAD,OPTIONS]  -> plugin_operations.get_operation_logs
/api/plugin-operations/record                       [OPTIONS,POST]  -> plugin_operations.record_operation
/api/plugin-operations/<plugin_name>/status         [GET,HEAD,OPTIONS]  -> plugin_operations.get_plugin_status
/api/plugin-operations/<plugin_name>/metrics        [GET,HEAD,OPTIONS]  -> plugin_operations.get_plugin_metrics
/api/plugin-operations/<plugin_name>/restart        [OPTIONS,POST]  -> plugin_operations.restart_plugin
/api/schemas/industries                             [GET,HEAD,OPTIONS]  -> dynamic_schema.get_industry_schemas
/api/schemas/industries/<industry_id>               [GET,HEAD,OPTIONS]  -> dynamic_schema.get_industry_schema
/api/schemas/industries                             [OPTIONS,POST]  -> dynamic_schema.create_industry_schema
/api/schemas/industries/<industry_id>               [OPTIONS,PUT]  -> dynamic_schema.update_industry_schema
/api/schemas/brands                                 [GET,HEAD,OPTIONS]  -> dynamic_schema.get_brand_schemas
/api/schemas/brands/<brand_id>                      [GET,HEAD,OPTIONS]  -> dynamic_schema.get_brand_schema
/api/schemas/combined/<industry_id>/<brand_id>      [GET,HEAD,OPTIONS]  -> dynamic_schema.get_combined_schema
/api/schemas/validate                               [OPTIONS,POST]  -> dynamic_schema.validate_data
/api/schemas/export/<industry_id>                   [GET,HEAD,OPTIONS]  -> dynamic_schema.export_schema
/api/schemas/import                                 [OPTIONS,POST]  -> dynamic_schema.import_schema
/api/notifications/channels                         [GET,HEAD,OPTIONS]  -> realtime_notifications.get_channels
/api/notifications/channels                         [OPTIONS,POST]  -> realtime_notifications.create_channel
/api/notifications/subscribe                        [OPTIONS,POST]  -> realtime_notifications.subscribe_channel
/api/notifications/unsubscribe                      [OPTIONS,POST]  -> realtime_notifications.unsubscribe_channel
/api/notifications/send                             [OPTIONS,POST]  -> realtime_notifications.send_notification
/api/notifications/user                             [GET,HEAD,OPTIONS]  -> realtime_notifications.get_user_notifications
/api/notifications/mark-read                        [OPTIONS,POST]  -> realtime_notifications.mark_notification_read
/api/notifications/sse                              [GET,HEAD,OPTIONS]  -> realtime_notifications.notification_sse
/api/notifications/stats                            [GET,HEAD,OPTIONS]  -> realtime_notifications.get_notification_stats
/api/notifications/cleanup                          [OPTIONS,POST]  -> realtime_notifications.cleanup_notifications
/api/ai/predict/sales                               [OPTIONS,POST]  -> ai_prediction.predict_sales
/api/ai/predict/inventory                           [OPTIONS,POST]  -> ai_prediction.predict_inventory
/api/ai/predict/staffing                            [OPTIONS,POST]  -> ai_prediction.predict_staffing
/api/ai/predict/customer-flow                       [OPTIONS,POST]  -> ai_prediction.predict_customer_flow
/api/ai/models/performance                          [GET,HEAD,OPTIONS]  -> ai_prediction.get_model_performance
/api/ai/models/performance                          [OPTIONS,POST]  -> ai_prediction.update_model_performance
/api/ai/predictions/history                         [GET,HEAD,OPTIONS]  -> ai_prediction.get_prediction_history
/api/ai/predictions/export                          [GET,HEAD,OPTIONS]  -> ai_prediction.export_predictions
/api/ai/models/types                                [GET,HEAD,OPTIONS]  -> ai_prediction.get_model_types
/api/analytics/dashboard/kpi                        [GET,HEAD,OPTIONS]  -> advanced_analytics.get_kpi_dashboard
/api/analytics/dashboard/realtime                   [GET,HEAD,OPTIONS]  -> advanced_analytics.get_realtime_dashboard
/api/analytics/charts/sales-trend                   [GET,HEAD,OPTIONS]  -> advanced_analytics.get_sales_trend_chart
/api/analytics/charts/customer-segments             [GET,HEAD,OPTIONS]  -> advanced_analytics.get_customer_segments_chart
/api/analytics/charts/menu-performance              [GET,HEAD,OPTIONS]  -> advanced_analytics.get_menu_performance_chart
/api/analytics/charts/hourly-traffic                [GET,HEAD,OPTIONS]  -> advanced_analytics.get_hourly_traffic_chart
/api/analytics/reports/summary                      [GET,HEAD,OPTIONS]  -> advanced_analytics.get_analytics_summary
/api/analytics/export                               [GET,HEAD,OPTIONS]  -> advanced_analytics.export_analytics_data
/api/mobile/dashboard                               [GET,HEAD,OPTIONS]  -> mobile_api.mobile_dashboard
/api/mobile/offline-data                            [GET,HEAD,OPTIONS]  -> mobile_api.get_offline_data
/api/mobile/sync                                    [OPTIONS,POST]  -> mobile_api.sync_offline_data
/api/mobile/push-token                              [OPTIONS,POST]  -> mobile_api.register_push_token
/api/mobile/notifications                           [GET,HEAD,OPTIONS]  -> mobile_api.get_mobile_notifications
/api/mobile/notifications/<int:notification_id>/read  [OPTIONS,POST]  -> mobile_api.mark_notification_read
/api/mobile/orders/quick                            [OPTIONS,POST]  -> mobile_api.create_quick_order
/api/mobile/orders/<int:order_id>/status            [OPTIONS,PUT]  -> mobile_api.update_order_status
/api/mobile/inventory/check                         [GET,HEAD,OPTIONS]  -> mobile_api.check_inventory
/api/mobile/attendance/check-in                     [OPTIONS,POST]  -> mobile_api.mobile_check_in
/api/mobile/attendance/check-out                    [OPTIONS,POST]  -> mobile_api.mobile_check_out
/api/security/auth/login                            [OPTIONS,POST]  -> security_enhanced.secure_login
/api/security/auth/logout                           [OPTIONS,POST]  -> security_enhanced.secure_logout
/api/security/auth/refresh                          [OPTIONS,POST]  -> security_enhanced.refresh_token
/api/security/encrypt                               [OPTIONS,POST]  -> security_enhanced.encrypt_data
/api/security/decrypt                               [OPTIONS,POST]  -> security_enhanced.decrypt_data
/api/security/hash                                  [OPTIONS,POST]  -> security_enhanced.generate_hash
/api/security/verify-hash                           [OPTIONS,POST]  -> security_enhanced.verify_hash
/api/security/status                                [GET,HEAD,OPTIONS]  -> security_enhanced.security_status
/api/security/audit-log                             [GET,HEAD,OPTIONS]  -> security_enhanced.security_audit_log
/api/performance/stats                              [GET,HEAD,OPTIONS]  -> performance_optimized.get_performance_stats
/api/performance/cache/clear                        [OPTIONS,POST]  -> performance_optimized.clear_cache
/api/performance/cache/stats                        [GET,HEAD,OPTIONS]  -> performance_optimized.get_cache_stats
/api/performance/database/stats                     [GET,HEAD,OPTIONS]  -> performance_optimized.get_database_stats
/api/performance/optimize                           [OPTIONS,POST]  -> performance_optimized.optimize_performance
/api/performance/health                             [GET,HEAD,OPTIONS]  -> performance_optimized.health_check
/api/performance/benchmark                          [OPTIONS,POST]  -> performance_optimized.run_benchmark
/admin/plugins                                      [GET,HEAD,OPTIONS]  -> plugin_management_page.plugin_management
/api/plugins/restaurant_management/menu             [GET,HEAD,OPTIONS,POST]  -> plugin_restaurant_management.restaurant_management_handle_menu
/api/plugins/restaurant_management/orders           [GET,HEAD,OPTIONS,POST,PUT]  -> plugin_restaurant_management.restaurant_management_handle_orders
/api/plugins/restaurant_management/inventory        [GET,HEAD,OPTIONS,POST,PUT]  -> plugin_restaurant_management.restaurant_management_handle_inventory
/api/plugins/restaurant_management/analytics        [GET,HEAD,OPTIONS]  -> plugin_restaurant_management.restaurant_management_handle_analytics
/api/plugin-system/status                           [GET,HEAD,OPTIONS]  -> plugin_system_manager_api.get_system_status
/api/plugin-system/scan                             [OPTIONS,POST]  -> plugin_system_manager_api.scan_plugins
/api/plugin-system/plugins                          [GET,HEAD,OPTIONS]  -> plugin_system_manager_api.get_plugins
/api/plugin-system/plugins/<plugin_name>            [GET,HEAD,OPTIONS]  -> plugin_system_manager_api.get_plugin_info
/api/plugin-system/plugins/<plugin_name>/validate   [OPTIONS,POST]  -> plugin_system_manager_api.validate_plugin
/api/plugin-system/health                           [GET,HEAD,OPTIONS]  -> plugin_system_manager_api.health_check
/api/plugin-operations/status                       [GET,HEAD,OPTIONS]  -> plugin_operations_api.get_operations_status
/api/plugin-operations/start                        [OPTIONS,POST]  -> plugin_operations_api.start_operations
/api/plugin-operations/stop                         [OPTIONS,POST]  -> plugin_operations_api.stop_operations
/api/plugin-operations/metrics                      [GET,HEAD,OPTIONS]  -> plugin_operations_api.get_performance_metrics
/api/plugin-operations/alerts                       [GET,HEAD,OPTIONS]  -> plugin_operations_api.get_alerts
/api/plugin-operations/alerts/clear                 [OPTIONS,POST]  -> plugin_operations_api.clear_alerts
/api/plugin-operations/thresholds                   [GET,HEAD,OPTIONS]  -> plugin_operations_api.get_thresholds
/api/plugin-operations/thresholds                   [OPTIONS,POST]  -> plugin_operations_api.set_threshold
/api/plugin-operations/health                       [GET,HEAD,OPTIONS]  -> plugin_operations_api.get_health_status
/api/plugin-operations/logs                         [GET,HEAD,OPTIONS]  -> plugin_operations_api.get_operation_logs
/api/plugin-operations/record                       [OPTIONS,POST]  -> plugin_operations_api.record_operation
/api/plugin-operations/<plugin_name>/status         [GET,HEAD,OPTIONS]  -> plugin_operations_api.get_plugin_status
/api/plugin-operations/<plugin_name>/metrics        [GET,HEAD,OPTIONS]  -> plugin_operations_api.get_plugin_metrics
/api/plugin-operations/<plugin_name>/restart        [OPTIONS,POST]  -> plugin_operations_api.restart_plugin
/api/plugin-monitoring/dashboard                    [GET,HEAD,OPTIONS]  -> plugin_monitoring_dashboard.get_dashboard
/api/plugin-monitoring/start                        [OPTIONS,POST]  -> plugin_monitoring_dashboard.start_monitoring
/api/plugin-monitoring/stop                         [OPTIONS,POST]  -> plugin_monitoring_dashboard.stop_monitoring
/api/plugin-monitoring/plugins/<plugin_name>        [GET,HEAD,OPTIONS]  -> plugin_monitoring_dashboard.get_plugin_details
/api/plugin-monitoring/alerts                       [GET,HEAD,OPTIONS]  -> plugin_monitoring_dashboard.get_alerts
/api/plugin-monitoring/trends                       [GET,HEAD,OPTIONS]  -> plugin_monitoring_dashboard.get_performance_trends
/api/plugin-monitoring/health                       [GET,HEAD,OPTIONS]  -> plugin_monitoring_dashboard.health_check
/login                                              [GET,HEAD,OPTIONS,POST]  -> auth.login
/logout                                             [GET,HEAD,OPTIONS]  -> auth.logout
/register                                           [GET,HEAD,OPTIONS,POST]  -> auth.register
/quick_admin_login                                  [GET,HEAD,OPTIONS,POST]  -> auth.quick_admin_login
/api/advanced-monitoring/status                     [GET,HEAD,OPTIONS]  -> advanced_monitoring_api.get_monitoring_status
/api/advanced-monitoring/plugins                    [GET,HEAD,OPTIONS]  -> advanced_monitoring_api.get_all_plugins
/api/advanced-monitoring/plugins/<plugin_id>/summary  [GET,HEAD,OPTIONS]  -> advanced_monitoring_api.get_plugin_summary
/api/advanced-monitoring/plugins/<plugin_id>/metrics  [GET,HEAD,OPTIONS]  -> advanced_monitoring_api.get_plugin_metrics
/api/advanced-monitoring/plugins/<plugin_id>/logs   [GET,HEAD,OPTIONS]  -> advanced_monitoring_api.get_plugin_logs
/api/advanced-monitoring/plugins/<plugin_id>/events  [GET,HEAD,OPTIONS]  -> advanced_monitoring_api.get_plugin_events
/api/advanced-monitoring/plugins/<plugin_id>/snapshots  [GET,HEAD,OPTIONS]  -> advanced_monitoring_api.get_plugin_snapshots
/api/advanced-monitoring/plugins/<plugin_id>/real-time  [GET,HEAD,OPTIONS]  -> advanced_monitoring_api.get_plugin_real_time
/api/advanced-monitoring/plugins/<plugin_id>/metrics  [OPTIONS,POST]  -> advanced_monitoring_api.record_plugin_metric
/api/advanced-monitoring/plugins/<plugin_id>/logs   [OPTIONS,POST]  -> advanced_monitoring_api.record_plugin_log
/api/advanced-monitoring/plugins/<plugin_id>/events  [OPTIONS,POST]  -> advanced_monitoring_api.record_plugin_event
/api/advanced-monitoring/plugins/<plugin_id>/snapshots  [OPTIONS,POST]  -> advanced_monitoring_api.create_plugin_snapshot
/api/advanced-monitoring/analytics/trends           [GET,HEAD,OPTIONS]  -> advanced_monitoring_api.get_analytics_trends
/api/advanced-monitoring/analytics/performance      [GET,HEAD,OPTIONS]  -> advanced_monitoring_api.get_performance_analytics
/api/alerts/logs                                    [GET,HEAD,OPTIONS]  -> alert_management_api.get_alert_logs
/api/alerts/stats                                   [GET,HEAD,OPTIONS]  -> alert_management_api.get_alert_stats
/api/alerts/settings                                [GET,HEAD,OPTIONS]  -> alert_management_api.get_alert_settings
/api/alerts/test                                    [OPTIONS,POST]  -> alert_management_api.test_alert
/api/admin/performance/cache/stats                  [GET,HEAD,OPTIONS]  -> performance_optimization.get_cache_stats
/api/admin/performance/cache/clear                  [OPTIONS,POST]  -> performance_optimization.clear_cache
/api/admin/performance/cache/test                   [OPTIONS,POST]  -> performance_optimization.test_cache
/api/admin/performance/queries/analysis             [GET,HEAD,OPTIONS]  -> performance_optimization.get_query_analysis
/api/admin/performance/queries/slow                 [GET,HEAD,OPTIONS]  -> performance_optimization.get_slow_queries
/api/admin/performance/queries/stats                [GET,HEAD,OPTIONS]  -> performance_optimization.get_query_stats
/api/admin/performance/queries/clear                [OPTIONS,POST]  -> performance_optimization.clear_query_metrics
/api/admin/performance/pool/stats                   [GET,HEAD,OPTIONS]  -> performance_optimization.get_pool_stats
/api/admin/performance/pool/optimize                [OPTIONS,POST]  -> performance_optimization.optimize_pool
/api/admin/performance/overview                     [GET,HEAD,OPTIONS]  -> performance_optimization.get_performance_overview
/api/admin/performance/optimize                     [OPTIONS,POST]  -> performance_optimization.run_optimization
/api/plugin-optimization/suggestions                [GET,HEAD,OPTIONS]  -> plugin_optimization_api.get_suggestions
/api/plugin-optimization/execute/<int:suggestion_id>  [OPTIONS,POST]  -> plugin_optimization_api.execute_suggestion
/api/plugin-optimization/history                    [GET,HEAD,OPTIONS]  -> plugin_optimization_api.get_history
/api/brand-onboarding/start/<int:brand_id>          [OPTIONS,POST]  -> brand_onboarding_api.start_onboarding
/api/brand-onboarding/<int:onboarding_id>/status    [GET,HEAD,OPTIONS]  -> brand_onboarding_api.get_onboarding_status
/api/brand-onboarding/<int:onboarding_id>/store     [OPTIONS,POST]  -> brand_onboarding_api.complete_store_step
/api/brand-onboarding/<int:onboarding_id>/employee  [OPTIONS,POST]  -> brand_onboarding_api.complete_employee_step
/api/brand-onboarding/<int:onboarding_id>/menu      [OPTIONS,POST]  -> brand_onboarding_api.complete_menu_step
/api/brand-onboarding/<int:onboarding_id>/settings  [OPTIONS,POST]  -> brand_onboarding_api.complete_settings_step
/api/brand-onboarding/<int:onboarding_id>/generate-sample-data  [OPTIONS,POST]  -> brand_onboarding_api.generate_sample_data
/api/brand-onboarding/templates                     [GET,HEAD,OPTIONS]  -> brand_onboarding_api.get_onboarding_templates
/admin/brand-onboarding                             [GET,HEAD,OPTIONS]  -> brand_onboarding_routes.brand_onboarding_page
/admin/brand-onboarding/redirect                    [GET,HEAD,OPTIONS]  -> brand_onboarding_routes.redirect_to_onboarding
/api/module-development/projects                    [GET,HEAD,OPTIONS]  -> module_development_api.get_projects
/api/module-development/projects                    [OPTIONS,POST]  -> module_development_api.create_project
/api/module-development/projects/<project_id>       [GET,HEAD,OPTIONS]  -> module_development_api.get_project
/api/module-development/projects/<project_id>       [OPTIONS,PUT]  -> module_development_api.update_project
/api/module-development/projects/<project_id>       [DELETE,OPTIONS]  -> module_development_api.delete_project
/api/module-development/projects/<project_id>/components  [GET,HEAD,OPTIONS]  -> module_development_api.get_components
/api/module-development/projects/<project_id>/components  [OPTIONS,POST]  -> module_development_api.add_component
/api/module-development/projects/<project_id>/components/<component_id>  [OPTIONS,PUT]  -> module_development_api.update_component
/api/module-development/projects/<project_id>/components/<component_id>  [DELETE,OPTIONS]  -> module_development_api.delete_component
/api/module-development/projects/<project_id>/versions  [GET,HEAD,OPTIONS]  -> module_development_api.get_versions
/api/module-development/projects/<project_id>/versions  [OPTIONS,POST]  -> module_development_api.create_version
/api/module-development/projects/<project_id>/versions/<version_id>/rollback  [OPTIONS,POST]  -> module_development_api.rollback_version
/api/module-development/projects/<project_id>/deploy  [OPTIONS,POST]  -> module_development_api.deploy_project
/api/module-development/projects/<project_id>/test-data  [OPTIONS,POST]  -> module_development_api.generate_test_data
/api/module-development/component-library           [GET,HEAD,OPTIONS]  -> module_development_api.get_component_library
/api/module-development/statistics                  [GET,HEAD,OPTIONS]  -> module_development_api.get_statistics
/api/module-development/projects/<project_id>/preview  [GET,HEAD,OPTIONS]  -> module_development_api.get_project_preview
/api/module-development/projects/<project_id>/export  [OPTIONS,POST]  -> module_development_api.export_project
/api/module-development/projects/<project_id>/import  [OPTIONS,POST]  -> module_development_api.import_project
/api/module-development/sandbox/reset               [OPTIONS,POST]  -> module_development_api.reset_sandbox
/api/module-development/marketplace/publish         [OPTIONS,POST]  -> module_development_api.publish_to_marketplace
/api/enhanced-marketplace/plugins                   [GET,HEAD,OPTIONS]  -> enhanced_marketplace_api.get_plugins
/api/enhanced-marketplace/plugins/<plugin_id>       [GET,HEAD,OPTIONS]  -> enhanced_marketplace_api.get_plugin_detail
/api/enhanced-marketplace/plugins/<plugin_id>/download  [OPTIONS,POST]  -> enhanced_marketplace_api.download_plugin
/api/enhanced-marketplace/plugins/<plugin_id>/reviews  [GET,HEAD,OPTIONS]  -> enhanced_marketplace_api.get_plugin_reviews
/api/enhanced-marketplace/plugins/<plugin_id>/reviews  [OPTIONS,POST]  -> enhanced_marketplace_api.add_plugin_review
/api/enhanced-marketplace/categories                [GET,HEAD,OPTIONS]  -> enhanced_marketplace_api.get_categories
/api/enhanced-marketplace/popular                   [GET,HEAD,OPTIONS]  -> enhanced_marketplace_api.get_popular_plugins
/api/enhanced-marketplace/recommended               [GET,HEAD,OPTIONS]  -> enhanced_marketplace_api.get_recommended_plugins
/api/enhanced-marketplace/stats                     [GET,HEAD,OPTIONS]  -> enhanced_marketplace_api.get_marketplace_stats
/api/enhanced-security/scan/start                   [OPTIONS,POST]  -> enhanced_security_api.start_security_scan
/api/enhanced-security/monitoring/start             [OPTIONS,POST]  -> enhanced_security_api.start_monitoring
/api/enhanced-security/monitoring/stop              [OPTIONS,POST]  -> enhanced_security_api.stop_monitoring
/api/enhanced-security/vulnerabilities              [GET,HEAD,OPTIONS]  -> enhanced_security_api.get_vulnerabilities
/api/enhanced-security/malware                      [GET,HEAD,OPTIONS]  -> enhanced_security_api.get_malware_detections
/api/enhanced-security/events                       [GET,HEAD,OPTIONS]  -> enhanced_security_api.get_security_events
/api/enhanced-security/profiles                     [GET,HEAD,OPTIONS]  -> enhanced_security_api.get_security_profiles
/api/enhanced-security/summary                      [GET,HEAD,OPTIONS]  -> enhanced_security_api.get_security_summary
/api/enhanced-security/vulnerabilities/<vuln_id>/status  [OPTIONS,PUT]  -> enhanced_security_api.update_vulnerability_status
/api/enhanced-security/malware/<detection_id>/quarantine  [OPTIONS,POST]  -> enhanced_security_api.quarantine_malware
/api/enhanced-security/events/<event_id>/resolve    [OPTIONS,POST]  -> enhanced_security_api.resolve_security_event
/api/enhanced-security/scans                        [GET,HEAD,OPTIONS]  -> enhanced_security_api.get_scan_history
/api/contracts/templates                            [GET,HEAD,OPTIONS]  -> contract_generator_api.get_templates_api
/api/contracts/templates                            [OPTIONS,POST]  -> contract_generator_api.create_template_api
/api/contracts/generate                             [OPTIONS,POST]  -> contract_generator_api.generate_contract_api
/api/contracts                                      [GET,HEAD,OPTIONS]  -> contract_generator_api.get_contracts_api
/api/contracts/<int:contract_id>                    [GET,HEAD,OPTIONS]  -> contract_generator_api.get_contract_api
/api/contracts/<int:contract_id>/status             [OPTIONS,PUT]  -> contract_generator_api.update_contract_status_api
/api/contracts/statistics                           [GET,HEAD,OPTIONS]  -> contract_generator_api.get_contract_statistics_api
/module-marketplace                                 [GET,HEAD,OPTIONS]  -> module_marketplace_routes.module_marketplace
/module-marketplace/modules/<module_id>             [GET,HEAD,OPTIONS]  -> module_marketplace_routes.module_detail
/module-marketplace/modules/<module_id>/settings    [GET,HEAD,OPTIONS]  -> module_marketplace_routes.module_settings
/module-marketplace/modules/<module_id>/onboarding  [GET,HEAD,OPTIONS]  -> module_marketplace_routes.module_onboarding
/module-marketplace/demo/<module_id>                [GET,HEAD,OPTIONS]  -> module_marketplace_routes.module_demo
/module-marketplace/installed                       [GET,HEAD,OPTIONS]  -> module_marketplace_routes.installed_modules
/module-marketplace/statistics                      [GET,HEAD,OPTIONS]  -> module_marketplace_routes.module_statistics
/module-marketplace/api/status/<module_id>          [GET,HEAD,OPTIONS]  -> module_marketplace_routes.get_module_status_api
/module-marketplace/api/status/<module_id>          [OPTIONS,POST]  -> module_marketplace_routes.update_module_status_api
/module-marketplace/api/performance                 [GET,HEAD,OPTIONS]  -> module_marketplace_routes.get_performance_summary_api
/marketplace/demo/<module_id>                       [GET,HEAD,OPTIONS]  -> marketplace_demo.demo_module
/api/marketplace/demo/<module_id>/data              [GET,HEAD,OPTIONS]  -> marketplace_demo.get_demo_data
/api/marketplace/demo/<module_id>/interact          [OPTIONS,POST]  -> marketplace_demo.interact_with_demo
/api/attendance/clock-in                            [OPTIONS,POST]  -> attendance_management_api.clock_in
/api/attendance/clock-out                           [OPTIONS,POST]  -> attendance_management_api.clock_out
/api/attendance/records                             [GET,HEAD,OPTIONS]  -> attendance_management_api.get_attendance_records
/api/attendance/statistics                          [GET,HEAD,OPTIONS]  -> attendance_management_api.get_attendance_statistics
/api/attendance/settings                            [GET,HEAD,OPTIONS]  -> attendance_management_api.get_attendance_settings_api
/api/attendance/settings                            [OPTIONS,PUT]  -> attendance_management_api.update_attendance_settings
/api/attendance/notifications                       [GET,HEAD,OPTIONS]  -> attendance_management_api.get_attendance_notifications
/api/attendance/test-data                           [OPTIONS,POST]  -> attendance_management_api.generate_test_data
/api/modules/installed                              [GET,HEAD,OPTIONS]  -> module_management_api.get_installed_modules
/api/modules/<module_id>/activate                   [OPTIONS,POST]  -> module_management_api.activate_module
/api/modules/<module_id>/deactivate                 [OPTIONS,POST]  -> module_management_api.deactivate_module
/api/modules/<module_id>/settings                   [GET,HEAD,OPTIONS]  -> module_management_api.get_module_settings
/api/modules/<module_id>/settings                   [OPTIONS,PUT]  -> module_management_api.update_module_settings
/api/modules/<module_id>/uninstall                  [OPTIONS,POST]  -> module_management_api.uninstall_module
/api/modules/<module_id>/update                     [OPTIONS,POST]  -> module_management_api.update_module
/api/modules/statistics                             [GET,HEAD,OPTIONS]  -> module_management_api.get_module_statistics
/api/plugin-microservice/services                   [GET,HEAD,OPTIONS]  -> plugin_microservice_api.list_services
/api/plugin-microservice/services/<service_id>      [GET,HEAD,OPTIONS]  -> plugin_microservice_api.get_service
/api/plugin-microservice/services                   [OPTIONS,POST]  -> plugin_microservice_api.create_service
/api/plugin-microservice/services/<service_id>/stop  [OPTIONS,POST]  -> plugin_microservice_api.stop_service
/api/plugin-microservice/services/<service_id>/start  [OPTIONS,POST]  -> plugin_microservice_api.start_service
/api/plugin-microservice/services/<service_id>/restart  [OPTIONS,POST]  -> plugin_microservice_api.restart_service
/api/plugin-microservice/services/<service_id>      [DELETE,OPTIONS]  -> plugin_microservice_api.delete_service
/api/plugin-microservice/services/<service_id>/logs  [GET,HEAD,OPTIONS]  -> plugin_microservice_api.get_service_logs
/api/plugin-microservice/services/<service_id>/metrics  [GET,HEAD,OPTIONS]  -> plugin_microservice_api.get_service_metrics
/api/plugin-microservice/services/<service_id>/scale  [OPTIONS,POST]  -> plugin_microservice_api.scale_service
/api/plugin-microservice/discovery                  [GET,HEAD,OPTIONS]  -> plugin_microservice_api.get_service_discovery
/api/plugin-microservice/cleanup                    [OPTIONS,POST]  -> plugin_microservice_api.cleanup_resources
/api/plugin-microservice/health                     [GET,HEAD,OPTIONS]  -> plugin_microservice_api.health_check
/api/plugin-microservice/templates                  [GET,HEAD,OPTIONS]  -> plugin_microservice_api.get_service_templates
/api/plugin-microservice/templates/<template_id>/create  [OPTIONS,POST]  -> plugin_microservice_api.create_service_from_template
/api/plugin-ai-analytics/collect-metrics/<plugin_id>  [OPTIONS,POST]  -> plugin_ai_analytics_api.collect_metrics
/api/plugin-ai-analytics/train-models/<plugin_id>   [OPTIONS,POST]  -> plugin_ai_analytics_api.train_models
/api/plugin-ai-analytics/predict/<plugin_id>        [GET,HEAD,OPTIONS]  -> plugin_ai_analytics_api.predict_performance
/api/plugin-ai-analytics/detect-anomalies/<plugin_id>  [GET,HEAD,OPTIONS]  -> plugin_ai_analytics_api.detect_anomalies
/api/plugin-ai-analytics/optimization-suggestions/<plugin_id>  [GET,HEAD,OPTIONS]  -> plugin_ai_analytics_api.get_optimization_suggestions
/api/plugin-ai-analytics/analytics-summary/<plugin_id>  [GET,HEAD,OPTIONS]  -> plugin_ai_analytics_api.get_analytics_summary
/api/plugin-ai-analytics/export-data/<plugin_id>    [GET,HEAD,OPTIONS]  -> plugin_ai_analytics_api.export_analytics_data
/api/plugin-ai-analytics/batch-analysis             [OPTIONS,POST]  -> plugin_ai_analytics_api.batch_analysis
/api/plugin-ai-analytics/metrics-history/<plugin_id>  [GET,HEAD,OPTIONS]  -> plugin_ai_analytics_api.get_metrics_history
/api/plugin-ai-analytics/predictions-history/<plugin_id>  [GET,HEAD,OPTIONS]  -> plugin_ai_analytics_api.get_predictions_history
/api/plugin-ai-analytics/anomalies-history/<plugin_id>  [GET,HEAD,OPTIONS]  -> plugin_ai_analytics_api.get_anomalies_history
/api/plugin-ai-analytics/suggestions-history/<plugin_id>  [GET,HEAD,OPTIONS]  -> plugin_ai_analytics_api.get_suggestions_history
/api/plugin-ai-analytics/system-status              [GET,HEAD,OPTIONS]  -> plugin_ai_analytics_api.get_system_status
/api/plugin-settings/<plugin_name>                  [GET,HEAD,OPTIONS]  -> plugin_settings_api.get_plugin_settings
/api/plugin-settings/<plugin_name>                  [OPTIONS,POST]  -> plugin_settings_api.update_plugin_settings
/api/plugin-settings/<plugin_name>/template         [GET,HEAD,OPTIONS]  -> plugin_settings_api.get_settings_template
/api/plugin-settings/<plugin_name>/template         [OPTIONS,POST]  -> plugin_settings_api.create_settings_template
/api/plugin-settings/<plugin_name>/backup           [GET,HEAD,OPTIONS]  -> plugin_settings_api.get_backup_list
/api/plugin-settings/<plugin_name>/backup           [OPTIONS,POST]  -> plugin_settings_api.create_backup
/api/plugin-settings/<plugin_name>/backup/<version>  [OPTIONS,POST]  -> plugin_settings_api.restore_backup
/api/plugin-settings/<plugin_name>/export           [GET,HEAD,OPTIONS]  -> plugin_settings_api.export_settings
/api/plugin-settings/<plugin_name>/import           [OPTIONS,POST]  -> plugin_settings_api.import_settings
/api/plugin-settings/<plugin_name>/migrate          [OPTIONS,POST]  -> plugin_settings_api.migrate_settings
/api/plugin-settings/<plugin_name>/validate         [OPTIONS,POST]  -> plugin_settings_api.validate_settings
/api/plugin-settings/<plugin_name>/reset            [OPTIONS,POST]  -> plugin_settings_api.reset_settings
/api/modules/installed                              [GET,HEAD,OPTIONS]  -> module_management_api_v2.get_installed_modules
/api/modules/<module_id>/activate                   [OPTIONS,POST]  -> module_management_api_v2.activate_module
/api/modules/<module_id>/deactivate                 [OPTIONS,POST]  -> module_management_api_v2.deactivate_module
/api/modules/<module_id>/settings                   [GET,HEAD,OPTIONS]  -> module_management_api_v2.get_module_settings
/api/modules/<module_id>/settings                   [OPTIONS,PUT]  -> module_management_api_v2.update_module_settings
/api/modules/<module_id>/uninstall                  [OPTIONS,POST]  -> module_management_api_v2.uninstall_module
/api/modules/<module_id>/update                     [OPTIONS,POST]  -> module_management_api_v2.update_module
/api/modules/statistics                             [GET,HEAD,OPTIONS]  -> module_management_api_v2.get_module_statistics
/api/admin/brand_stats                              [GET,HEAD,OPTIONS]  -> admin_dashboard_api.brand_stats
/api/admin/store_stats                              [GET,HEAD,OPTIONS]  -> admin_dashboard_api.store_stats
/api/admin/brands                                   [GET,HEAD,OPTIONS]  -> admin_dashboard_api.get_brands
/api/admin/stores                                   [GET,HEAD,OPTIONS]  -> admin_dashboard_api.get_stores
/api/admin/users                                    [GET,HEAD,OPTIONS]  -> admin_dashboard_api.admin_users
/api/admin/user/<int:user_id>/status                [OPTIONS,POST]  -> admin_dashboard_api.update_user_status
/api/admin/system_logs                              [GET,HEAD,OPTIONS]  -> admin_dashboard_api.system_logs
/api/admin/advanced-analytics                       [GET,HEAD,OPTIONS]  -> admin_dashboard_api.advanced_analytics_page
/api/admin/brands                                   [OPTIONS,POST]  -> admin_dashboard_api.create_brand
/api/admin/stores                                   [OPTIONS,POST]  -> admin_dashboard_api.create_store
/api/plugin-feedback/plugins/<plugin_id>/reviews    [GET,HEAD,OPTIONS]  -> plugin_feedback_api.get_plugin_reviews
/api/plugin-feedback/plugins/<plugin_id>/reviews    [OPTIONS,POST]  -> plugin_feedback_api.create_plugin_review
/api/plugin-feedback/reviews/<int:review_id>/helpful  [OPTIONS,POST]  -> plugin_feedback_api.mark_review_helpful
/api/plugin-feedback/plugins/<plugin_id>/bugs       [GET,HEAD,OPTIONS]  -> plugin_feedback_api.get_plugin_bugs
/api/plugin-feedback/plugins/<plugin_id>/bugs       [OPTIONS,POST]  -> plugin_feedback_api.create_plugin_bug
/api/plugin-feedback/bugs/<int:bug_id>              [GET,HEAD,OPTIONS]  -> plugin_feedback_api.get_plugin_bug
/api/plugin-feedback/plugins/<plugin_id>/features   [GET,HEAD,OPTIONS]  -> plugin_feedback_api.get_plugin_features
/api/plugin-feedback/plugins/<plugin_id>/features   [OPTIONS,POST]  -> plugin_feedback_api.create_plugin_feature
/api/plugin-feedback/features/<int:feature_id>/vote  [OPTIONS,POST]  -> plugin_feedback_api.vote_feature_request
/api/plugin-feedback/admin/bugs                     [GET,HEAD,OPTIONS]  -> plugin_feedback_api.admin_get_all_bugs
/api/plugin-feedback/admin/bugs/<int:bug_id>/status  [OPTIONS,PUT]  -> plugin_feedback_api.admin_update_bug_status
/api/plugin-customization/plugins/<plugin_id>/customizations  [GET,HEAD,OPTIONS]  -> plugin_customization_api.get_plugin_customizations
/api/plugin-customization/plugins/<plugin_id>/customizations  [OPTIONS,POST]  -> plugin_customization_api.create_plugin_customization
/api/plugin-customization/customizations/<int:customization_id>  [OPTIONS,PUT]  -> plugin_customization_api.update_plugin_customization
/api/plugin-customization/customizations/<int:customization_id>  [DELETE,OPTIONS]  -> plugin_customization_api.delete_plugin_customization
/api/plugin-customization/plugins/<plugin_id>/deployments  [GET,HEAD,OPTIONS]  -> plugin_customization_api.get_plugin_deployments
/api/plugin-customization/plugins/<plugin_id>/deploy  [OPTIONS,POST]  -> plugin_customization_api.deploy_plugin
/api/plugin-customization/deployments/<int:deployment_id>/status  [OPTIONS,PUT]  -> plugin_customization_api.update_deployment_status
/api/plugin-customization/plugins/<plugin_id>/access-controls  [GET,HEAD,OPTIONS]  -> plugin_customization_api.get_plugin_access_controls
/api/plugin-customization/plugins/<plugin_id>/access-controls  [OPTIONS,POST]  -> plugin_customization_api.create_plugin_access_control
/api/plugin-customization/access-controls/<int:control_id>  [OPTIONS,PUT]  -> plugin_customization_api.update_plugin_access_control
/api/plugin-customization/targets                   [GET,HEAD,OPTIONS]  -> plugin_customization_api.get_available_targets
/api/plugin-customization/plugins/<plugin_id>/effective-settings  [GET,HEAD,OPTIONS]  -> plugin_customization_api.get_effective_plugin_settings
/admin/brand-approval/                              [GET,HEAD,OPTIONS]  -> brand_approval.brand_approval_page
/admin/brand-approval/api/pending-approvals         [GET,HEAD,OPTIONS]  -> brand_approval.get_pending_approvals
/admin/brand-approval/api/approve/<int:user_id>     [OPTIONS,POST]  -> brand_approval.approve_brand_admin
/admin/brand-approval/api/reject/<int:user_id>      [OPTIONS,POST]  -> brand_approval.reject_brand_admin
/admin/brand-approval/api/brand-stats               [GET,HEAD,OPTIONS]  -> brand_approval.get_brand_stats
/admin/brand-management/                            [GET,HEAD,OPTIONS]  -> brand_management_routes.brand_management_page
/admin/brand-management/api/brands                  [GET,HEAD,OPTIONS]  -> brand_management_routes.get_brands
/admin/brand-management/api/brand/<int:brand_id>/details  [GET,HEAD,OPTIONS]  -> brand_management_routes.get_brand_details
/admin/brand-management/api/brand/<int:brand_id>/update  [OPTIONS,PUT]  -> brand_management_routes.update_brand
/admin/brand-management/api/brand/<int:brand_id>/analytics  [GET,HEAD,OPTIONS]  -> brand_management_routes.get_brand_analytics
/admin/store-management/                            [GET,HEAD,OPTIONS]  -> admin_store_management.store_management_page
/admin/store-management/api/stores                  [GET,HEAD,OPTIONS]  -> admin_store_management.get_stores
/admin/store-management/api/store/<int:store_id>/details  [GET,HEAD,OPTIONS]  -> admin_store_management.get_store_details
/admin/store-management/api/store/<int:store_id>/update  [OPTIONS,PUT]  -> admin_store_management.update_store
/admin/store-management/api/store/<int:store_id>/analytics  [GET,HEAD,OPTIONS]  -> admin_store_management.get_store_analytics
/admin/employee-management/                         [GET,HEAD,OPTIONS]  -> employee_management.employee_management_page
/admin/employee-management/api/employees            [GET,HEAD,OPTIONS]  -> employee_management.get_employees
/admin/employee-management/api/employee/<int:user_id>/details  [GET,HEAD,OPTIONS]  -> employee_management.get_employee_details
/admin/employee-management/api/employee/<int:user_id>/update  [OPTIONS,PUT]  -> employee_management.update_employee
/admin/employee-management/api/employee/<int:user_id>/analytics  [GET,HEAD,OPTIONS]  -> employee_management.get_employee_analytics
/admin/feedback-management/                         [GET,HEAD,OPTIONS]  -> feedback_management.feedback_management_page
/admin/feedback-management/api/feedbacks            [GET,HEAD,OPTIONS]  -> feedback_management.get_feedbacks
/admin/feedback-management/api/feedback/<int:suggestion_id>/details  [GET,HEAD,OPTIONS]  -> feedback_management.get_feedback_details
/admin/feedback-management/api/feedback/<int:suggestion_id>/answer  [OPTIONS,POST]  -> feedback_management.answer_feedback
/admin/feedback-management/api/feedback/<int:suggestion_id>/update-answer  [OPTIONS,PUT]  -> feedback_management.update_feedback_answer
/admin/feedback-management/api/feedback/analytics   [GET,HEAD,OPTIONS]  -> feedback_management.get_feedback_analytics
/api/performance/start                              [OPTIONS,POST]  -> performance_analytics_api.start_analytics
/api/performance/stop                               [OPTIONS,POST]  -> performance_analytics_api.stop_analytics
/api/performance/collect                            [OPTIONS,POST]  -> performance_analytics_api.collect_metric
/api/performance/analyze                            [OPTIONS,POST]  -> performance_analytics_api.analyze_performance
/api/performance/report                             [GET,HEAD,OPTIONS]  -> performance_analytics_api.get_performance_report
/api/performance/suggestions                        [GET,HEAD,OPTIONS]  -> performance_analytics_api.get_optimization_suggestions
/api/performance/metrics                            [GET,HEAD,OPTIONS]  -> performance_analytics_api.get_metrics_summary
/api/performance/bottlenecks                        [GET,HEAD,OPTIONS]  -> performance_analytics_api.get_bottlenecks
/api/performance/trends                             [GET,HEAD,OPTIONS]  -> performance_analytics_api.get_trends
/api/performance/status                             [GET,HEAD,OPTIONS]  -> performance_analytics_api.get_analytics_status
/metrics                                            [GET,HEAD,OPTIONS]  -> metrics
/favicon.ico                                        [GET,HEAD,OPTIONS]  -> favicon
/                                                   [GET,HEAD,OPTIONS]  -> index
/dashboard                                          [GET,HEAD,OPTIONS]  -> dashboard
/api/dashboard                                      [GET,HEAD,OPTIONS]  -> api_dashboard
/dashboard-jwt                                      [GET,HEAD,OPTIONS]  -> dashboard_jwt
/login-success                                      [GET,HEAD,OPTIONS]  -> login_success
/profile                                            [GET,HEAD,OPTIONS]  -> profile
/api/profile                                        [GET,HEAD,OPTIONS]  -> api_profile
/api/user/profile                                   [GET,HEAD,OPTIONS]  -> api_user_profile
/auth/login                                         [GET,HEAD,OPTIONS,POST]  -> auth_login
/admin_dashboard                                    [GET,HEAD,OPTIONS]  -> admin_dashboard_route
/super-admin                                        [GET,HEAD,OPTIONS]  -> super_admin_dashboard
/manager-dashboard                                  [GET,HEAD,OPTIONS]  -> manager_dashboard
/employee-dashboard                                 [GET,HEAD,OPTIONS]  -> employee_dashboard
/teamlead-dashboard                                 [GET,HEAD,OPTIONS]  -> teamlead_dashboard
/my-attendance                                      [GET,HEAD,OPTIONS]  -> my_attendance
/my-schedule                                        [GET,HEAD,OPTIONS]  -> my_schedule
/test-login                                         [GET,HEAD,OPTIONS]  -> test_login
/simple-login                                       [GET,HEAD,OPTIONS]  -> simple_login
/check-auth                                         [GET,HEAD,OPTIONS]  -> check_auth
/brand-manager-dashboard                            [GET,HEAD,OPTIONS]  -> brand_manager_dashboard
/store-manager-dashboard                            [GET,HEAD,OPTIONS]  -> store_manager_dashboard
/api/admin/dashboard-stats                          [GET,HEAD,OPTIONS]  -> api_admin_dashboard_stats
/api/admin/system-logs                              [GET,HEAD,OPTIONS]  -> api_admin_system_logs
/api/admin/critical-alerts                          [GET,HEAD,OPTIONS]  -> api_admin_critical_alerts
/api/admin/pending-approvals                        [GET,HEAD,OPTIONS]  -> api_admin_pending_approvals
/api/admin/system-status                            [GET,HEAD,OPTIONS]  -> api_admin_system_status
/api/admin/staff-list                               [GET,HEAD,OPTIONS]  -> api_admin_staff_list
/api/admin/staff-detail/<int:user_id>               [GET,HEAD,OPTIONS]  -> api_admin_staff_detail
/api/admin/update-staff-role/<int:user_id>          [OPTIONS,PUT]  -> api_admin_update_staff_role
/api/admin/delete-staff/<int:user_id>               [DELETE,OPTIONS]  -> api_admin_delete_staff
/admin/system-monitoring                            [GET,HEAD,OPTIONS]  -> admin_system_monitoring
/api/admin/system-stats                             [GET,HEAD,OPTIONS]  -> api_admin_system_stats
/api/admin/service-status                           [GET,HEAD,OPTIONS]  -> api_admin_service_status
/api/admin/system-alerts                            [GET,HEAD,OPTIONS]  -> api_admin_system_alerts
/api/plugins/status                                 [GET,HEAD,OPTIONS]  -> api_plugins_status
/api/plugins/list                                   [GET,HEAD,OPTIONS]  -> api_plugins_list
/api/plugins/<plugin_name>/enable                   [OPTIONS,POST]  -> api_enable_plugin
/api/plugins/<plugin_name>/disable                  [OPTIONS,POST]  -> api_disable_plugin
/api/plugins/<plugin_name>/reload                   [OPTIONS,POST]  -> api_reload_plugin
/api/plugins/menus                                  [GET,HEAD,OPTIONS]  -> api_plugins_menus
/api/plugins/routes                                 [GET,HEAD,OPTIONS]  -> api_plugins_routes
/api/plugins/create                                 [OPTIONS,POST]  -> api_create_plugin
/api/plugins/<plugin_name>/validate                 [OPTIONS,POST]  -> api_validate_plugin
/api/plugins/customizations/rules                   [GET,HEAD,OPTIONS]  -> api_get_customization_rules
/api/plugins/customizations/rules                   [OPTIONS,POST]  -> api_create_customization_rule
/api/plugins/customizations/requests                [GET,HEAD,OPTIONS]  -> api_get_customization_requests
/api/plugins/customizations/requests                [OPTIONS,POST]  -> api_create_customization_request
/api/plugins/customizations/requests/<request_id>/approve  [OPTIONS,POST]  -> api_approve_customization_request
/api/plugins/customizations/requests/<request_id>/reject  [OPTIONS,POST]  -> api_reject_customization_request
/api/plugins/customizations/history                 [GET,HEAD,OPTIONS]  -> api_get_customization_history
/api/plugins/<plugin_name>/releases                 [GET,HEAD,OPTIONS]  -> api_list_plugin_releases
/api/plugins/<plugin_name>/release                  [OPTIONS,POST]  -> api_save_plugin_release
/api/plugins/<plugin_name>/rollback                 [OPTIONS,POST]  -> api_rollback_plugin_release
/api/plugins/<plugin_name>/release-history          [GET,HEAD,OPTIONS]  -> api_plugin_release_history
/api/marketplace/plugins                            [GET,HEAD,OPTIONS]  -> api_marketplace_plugins
/api/marketplace/plugins/<plugin_id>                [GET,HEAD,OPTIONS]  -> api_marketplace_plugin_details
/api/marketplace/plugins/<plugin_id>/install        [OPTIONS,POST]  -> api_install_marketplace_plugin
/api/marketplace/plugins/<plugin_id>/reviews        [GET,HEAD,OPTIONS]  -> api_marketplace_plugin_reviews
/api/marketplace/plugins/<plugin_id>/reviews        [OPTIONS,POST]  -> api_add_marketplace_plugin_review
/api/marketplace/categories                         [GET,HEAD,OPTIONS]  -> api_marketplace_categories
/api/feedback                                       [OPTIONS,POST]  -> api_create_feedback
/api/feedback                                       [GET,HEAD,OPTIONS]  -> api_get_feedback_list
/api/feedback/<feedback_id>                         [GET,HEAD,OPTIONS]  -> api_get_feedback
/api/feedback/<feedback_id>/status                  [OPTIONS,PUT]  -> api_update_feedback_status
/api/feedback/<feedback_id>/assign                  [OPTIONS,PUT]  -> api_assign_feedback
/api/feedback/<feedback_id>/comments                [GET,HEAD,OPTIONS]  -> api_get_feedback_comments
/api/feedback/<feedback_id>/comments                [OPTIONS,POST]  -> api_add_feedback_comment
/api/feedback/<feedback_id>/vote                    [OPTIONS,POST]  -> api_vote_feedback
/api/feedback/<feedback_id>/follow                  [OPTIONS,POST]  -> api_follow_feedback
/api/feedback/templates                             [GET,HEAD,OPTIONS]  -> api_get_feedback_templates
/api/feedback/<feedback_id>/workflow                [GET,HEAD,OPTIONS]  -> api_get_feedback_workflow
/api/plugins/<plugin_id>/test                       [OPTIONS,POST]  -> api_run_plugin_tests
/api/plugins/test-results                           [GET,HEAD,OPTIONS]  -> api_get_test_results
/api/plugins/monitoring/start                       [OPTIONS,POST]  -> api_start_monitoring
/api/plugins/monitoring/stop                        [OPTIONS,POST]  -> api_stop_monitoring
/api/plugins/performance                            [GET,HEAD,OPTIONS]  -> api_get_performance_metrics
/api/plugins/<plugin_id>/documentation              [GET,HEAD,OPTIONS]  -> api_get_plugin_documentation
/api/plugins/<plugin_id>/documentation              [OPTIONS,POST]  -> api_generate_plugin_documentation
/health                                             [GET,HEAD,OPTIONS]  -> health
/api/status                                         [GET,HEAD,OPTIONS]  -> api_status
/admin/advanced-analytics                           [GET,HEAD,OPTIONS]  -> admin_advanced_analytics
/admin/security-management                          [GET,HEAD,OPTIONS]  -> admin_security_management
/admin/performance-management                       [GET,HEAD,OPTIONS]  -> admin_performance_management
/api/plugin-system/test                             [GET,HEAD,OPTIONS]  -> plugin_system_test
/api/plugin-system/health                           [GET,HEAD,OPTIONS]  -> plugin_system_health
/api/plugin-system/status                           [GET,HEAD,OPTIONS]  -> plugin_system_status
/admin/brand-manager-approval                       [GET,HEAD,OPTIONS]  -> admin_brand_manager_approval
/api/admin/brand-managers                           [GET,HEAD,OPTIONS]  -> api_admin_brand_managers
/api/admin/brand-manager/approve/<int:user_id>      [OPTIONS,POST]  -> api_admin_approve_brand_manager
/api/admin/brand-manager/reject/<int:user_id>       [OPTIONS,POST]  -> api_admin_reject_brand_manager
/admin/brand-management                             [GET,HEAD,OPTIONS]  -> admin_brand_management
/admin/brand/<int:brand_id>/server-setup            [GET,HEAD,OPTIONS]  -> admin_brand_server_setup
/api/admin/brands/<int:brand_id>                    [GET,HEAD,OPTIONS]  -> api_admin_brand_detail
/api/admin/brands                                   [GET,HEAD,OPTIONS]  -> api_admin_brands
/api/admin/brands/<int:brand_id>                    [OPTIONS,PUT]  -> api_admin_update_brand
/api/admin/brands/<int:brand_id>                    [DELETE,OPTIONS]  -> api_admin_delete_brand
/api/admin/brands                                   [OPTIONS,POST]  -> api_admin_create_brand
/api/admin/brand/<int:brand_id>/details             [GET,HEAD,OPTIONS]  -> api_admin_brand_details
/admin/store-management                             [GET,HEAD,OPTIONS]  -> admin_store_management
/api/admin/stores                                   [GET,HEAD,OPTIONS]  -> api_admin_stores
/admin/employee-management                          [GET,HEAD,OPTIONS]  -> admin_employee_management
/api/admin/employees                                [GET,HEAD,OPTIONS]  -> api_admin_employees
/api/admin/employee/<int:employee_id>/details       [GET,HEAD,OPTIONS]  -> api_admin_employee_details
/admin/feedback-management                          [GET,HEAD,OPTIONS]  -> admin_feedback_management
/admin/kakao-api-settings                           [GET,HEAD,OPTIONS]  -> admin_kakao_api_settings
/api/admin/feedback                                 [GET,HEAD,OPTIONS]  -> api_admin_feedback
/api/admin/feedback/<int:feedback_id>/status        [OPTIONS,PUT]  -> api_admin_update_feedback_status
/api/admin/feedback/<int:feedback_id>/reply         [OPTIONS,POST]  -> api_admin_reply_feedback
/admin/module-marketplace                           [GET,HEAD,OPTIONS]  -> admin_module_marketplace
/admin/module-management                            [GET,HEAD,OPTIONS]  -> admin_module_management
/admin/module-details/<module_id>                   [GET,HEAD,OPTIONS]  -> admin_module_details
/api/marketplace/modules                            [GET,HEAD,OPTIONS]  -> api_marketplace_modules
/api/marketplace/modules/<module_id>/download       [GET,HEAD,OPTIONS]  -> api_marketplace_module_download
/api/marketplace/modules/upload                     [OPTIONS,POST]  -> api_marketplace_module_upload
/api/marketplace/modules/<module_id>/reviews        [GET,HEAD,OPTIONS]  -> api_marketplace_module_reviews
/api/marketplace/modules/<module_id>/reviews        [OPTIONS,POST]  -> api_marketplace_module_add_review
/api/modules/installed                              [GET,HEAD,OPTIONS]  -> api_modules_installed
/api/modules/<module_id>/toggle                     [OPTIONS,POST]  -> api_modules_toggle
/api/modules/<module_id>/uninstall                  [DELETE,OPTIONS]  -> api_modules_uninstall
/api/modules/performance                            [GET,HEAD,OPTIONS]  -> api_modules_performance
/api/plugins/api/plugins/register/upload            [OPTIONS,POST]  -> plugin_registration.register_plugin_upload
/api/plugins/api/plugins/register/github            [OPTIONS,POST]  -> plugin_registration.register_plugin_github
/api/plugins/api/plugins/register/url               [OPTIONS,POST]  -> plugin_registration.register_plugin_url
/api/plugins/api/plugins/register/folder            [OPTIONS,POST]  -> plugin_registration.register_plugin_folder
/api/plugins/api/plugins/register/validate          [OPTIONS,POST]  -> plugin_registration.validate_plugin
/api/plugins/api/plugins/register/templates         [GET,HEAD,OPTIONS]  -> plugin_registration.get_plugin_templates
/api/plugins/api/plugins/register/create-template   [OPTIONS,POST]  -> plugin_registration.create_plugin_template
/admin/plugin-feedback-dashboard                    [GET,HEAD,OPTIONS]  -> admin_plugin_feedback_dashboard
/admin/plugin-customization-dashboard               [GET,HEAD,OPTIONS]  -> admin_plugin_customization_dashboard
/api/admin/users                                    [GET,HEAD,OPTIONS]  -> api_admin_users
/api/admin/user/<int:user_id>/status                [OPTIONS,POST]  -> api_admin_user_status
/api/menu/user-menus                                [GET,HEAD,OPTIONS]  -> api_menu_user_menus
/api/menu/statistics                                [GET,HEAD,OPTIONS]  -> api_menu_statistics
/api/menu/menu-access/<int:menu_id>                 [OPTIONS,POST]  -> api_menu_access
/api/admin/brand_stats                              [GET,HEAD,OPTIONS]  -> api_admin_brand_stats
/dev-modules/                                       [GET,HEAD,OPTIONS]  -> module_dev_routes.development_dashboard
/dev-modules/projects                               [GET,HEAD,OPTIONS]  -> module_dev_routes.projects_list
/dev-modules/projects/new                           [GET,HEAD,OPTIONS]  -> module_dev_routes.new_project
/dev-modules/projects/<project_id>                  [GET,HEAD,OPTIONS]  -> module_dev_routes.project_editor
/dev-modules/projects/<project_id>/preview          [GET,HEAD,OPTIONS]  -> module_dev_routes.project_preview
/dev-modules/projects/<project_id>/deploy           [GET,HEAD,OPTIONS]  -> module_dev_routes.project_deploy
/dev-modules/projects/<project_id>/versions         [GET,HEAD,OPTIONS]  -> module_dev_routes.project_versions
/dev-modules/designer                               [GET,HEAD,OPTIONS]  -> module_dev_routes.module_designer
/dev-modules/sandbox                                [GET,HEAD,OPTIONS]  -> module_dev_routes.development_sandbox
/api/admin/brand-managers                           [OPTIONS,POST]  -> api_admin_create_brand_manager
/api/address/search                                 [GET,HEAD,OPTIONS]  -> api_address_search
/api/admin/stores                                   [OPTIONS,POST]  -> api_admin_create_store
/api/admin/brand/<int:brand_id>/change-type         [OPTIONS,PUT]  -> api_admin_change_brand_type
/api/module-plugin-dev/create                       [OPTIONS,POST]  -> module_plugin_dev.create_project
/api/module-plugin-dev/convert                      [OPTIONS,POST]  -> module_plugin_dev.convert_project
/api/module-plugin-dev/templates                    [GET,HEAD,OPTIONS]  -> module_plugin_dev.get_templates
/api/module-plugin-dev/deploy                       [OPTIONS,POST]  -> module_plugin_dev.deploy_project
/api/module-plugin-dev/list                         [GET,HEAD,OPTIONS]  -> module_plugin_dev.list_projects
/admin/module-plugin-dev                            [GET,HEAD,OPTIONS]  -> module_plugin_dev_routes.module_plugin_dev_dashboard
/admin/module-plugin-dev/editor                     [GET,HEAD,OPTIONS]  -> module_plugin_dev_routes.module_plugin_dev_editor
/admin/module-plugin-dev/test                       [GET,HEAD,OPTIONS]  -> module_plugin_dev_routes.module_plugin_dev_test
/admin/module-plugin-dev/marketplace                [GET,HEAD,OPTIONS]  -> module_plugin_dev_routes.module_plugin_dev_marketplace
/api/ledger/health                                  [GET,HEAD,OPTIONS]  -> ledger.health_check
/api/ledger/items                                   [GET,HEAD,OPTIONS]  -> ledger.get_items
/api/ledger/items                                   [OPTIONS,POST]  -> ledger.create_item
/api/ledger/items/<int:item_id>                     [OPTIONS,PUT]  -> ledger.update_item
/api/ledger/items/<int:item_id>                     [DELETE,OPTIONS]  -> ledger.delete_item
/api/ledger/summary/<int:year>/<int:month>          [GET,HEAD,OPTIONS]  -> ledger.get_monthly_summary
/api/ledger/upcoming                                [GET,HEAD,OPTIONS]  -> ledger.get_upcoming_payments
/api/ledger/categories                              [GET,HEAD,OPTIONS]  -> ledger.get_categories
/api/ledger/dashboard                               [GET,HEAD,OPTIONS]  -> ledger.ledger_dashboard
/api/ledger/add                                     [GET,HEAD,OPTIONS]  -> ledger.add_item_page
/api/ledger/edit/<int:item_id>                      [GET,HEAD,OPTIONS]  -> ledger.edit_item_page
/api/module-settings/<module_id>                    [GET,HEAD,OPTIONS]  -> api_module_settings_public
/api/modules/<module_id>/settings                   [GET,HEAD,OPTIONS]  -> api_modules_settings
/api/modules/<module_id>/brands                     [GET,HEAD,OPTIONS]  -> api_module_applied_brands
/api/modules/<module_id>/brands                     [OPTIONS,POST]  -> api_module_apply_brand
/api/module-marketplace/modules                     [GET,HEAD,OPTIONS]  -> module_marketplace.get_marketplace_modules
/api/module-marketplace/modules/<module_id>         [GET,HEAD,OPTIONS]  -> module_marketplace.get_module_detail
/api/module-marketplace/modules/<module_id>/install  [OPTIONS,POST]  -> module_marketplace.install_module
/api/module-marketplace/modules/<module_id>/uninstall  [OPTIONS,POST]  -> module_marketplace.uninstall_module
/api/module-marketplace/modules/<module_id>/review  [OPTIONS,POST]  -> module_marketplace.add_module_review
/api/module-marketplace/categories                  [GET,HEAD,OPTIONS]  -> module_marketplace.get_marketplace_categories
/api/module-marketplace/installed                   [GET,HEAD,OPTIONS]  -> module_marketplace.get_installed_modules
/api/module-marketplace/trending                    [GET,HEAD,OPTIONS]  -> module_marketplace.get_trending_modules
[??

C:\Program Files\Python310\lib\unittest\case.py:549: RuntimeWarning: coroutine 'TestModuleIntegrationSystem
.test_attendance_to_payroll_integration' was never awaited
  method()
RuntimeWarning: Enable tracemalloc to get the object allocation traceback
.C:\Program Files\Python310\lib\unittest\case.py:549: RuntimeWarning: coroutine 'TestModuleIntegrationSyste
m.test_batch_integration' was never awaited
  method()
RuntimeWarning: Enable tracemalloc to get the object allocation traceback
....C:\Program Files\Python310\lib\unittest\case.py:549: RuntimeWarning: coroutine 'TestModuleIntegrationSy
stem.test_qsc_to_employee_evaluation_integration' was never awaited
  method()
RuntimeWarning: Enable tracemalloc to get the object allocation traceback
.C:\Program Files\Python310\lib\unittest\case.py:549: RuntimeWarning: coroutine 'TestModuleIntegrationSyste
m.test_sales_to_inventory_integration' was never awaited
  method()
RuntimeWarning: Enable tracemalloc to get the object allocation traceback
.FFERROR:routes.module_marketplace:紐⑤뱢 ?곸꽭 ?뺣낫 議고쉶 ?ㅽ뙣: 'AnonymousUserMixin' object has no attribute 'id'
FF..INFO:core.backend.module_marketplace_system:紐⑤뱢 ?ㅼ튂 ?꾨즺: attendance_management -> 1_branch_1
INFO:core.backend.module_marketplace_system:紐⑤뱢 ?쒖꽦???꾨즺: attendance_management -> 1_branch_1
.INFO:core.backend.module_marketplace_system:紐⑤뱢 ?ㅼ튂 ?꾨즺: attendance_management -> 1_branch_1
INFO:core.backend.module_marketplace_system:紐⑤뱢 ?ㅼ젙 ?낅뜲?댄듃 ?꾨즺: attendance_management -> 1_branch_1
.INFO:core.backend.module_marketplace_system:紐⑤뱢 ?ㅼ튂 ?꾨즺: attendance_management -> 1_branch_1
INFO:core.backend.module_marketplace_system:紐⑤뱢 ?쒖꽦???꾨즺: attendance_management -> 1_branch_1
INFO:core.backend.module_marketplace_system:紐⑤뱢 鍮꾪솢?깊솕 ?꾨즺: attendance_management -> 1_branch_1
.INFO:core.backend.module_marketplace_system:紐⑤뱢 ?ㅼ튂 ?꾨즺: attendance_management -> 1_branch_1
..INFO:core.backend.module_marketplace_system:紐⑤뱢 ?ㅼ튂 ?꾨즺: attendance_management -> 1_branch_1
INFO:core.backend.module_marketplace_system:紐⑤뱢 ?ㅼ튂 ?꾨즺: sales_management -> 1_branch_1
INFO:core.backend.module_marketplace_system:紐⑤뱢 ?ㅼ튂 ?꾨즺: payroll_management -> 1_branch_1
INFO:core.backend.module_marketplace_system:紐⑤뱢 ?쒖꽦???꾨즺: attendance_management -> 1_branch_1
INFO:core.backend.module_marketplace_system:紐⑤뱢 ?쒖꽦???꾨즺: sales_management -> 1_branch_1
FINFO:core.backend.module_marketplace_system:紐⑤뱢 ?ㅼ튂 ?꾨즺: attendance_management -> 1_branch_1
INFO:core.backend.module_marketplace_system:紐⑤뱢 ?쒓굅 ?꾨즺: attendance_management -> 1_branch_1
.INFO:core.backend.module_marketplace_system:紐⑤뱢 ?ㅼ튂 ?꾨즺: attendance_management -> 1_user
Traceback (most recent call last):
  File "C:\your_program\scripts\auto_admin_alerts.py", line 3, in <module>
    from app import app
ModuleNotFoundError: No module named 'app'
ERROR:core.backend.module_marketplace_system:?섏〈??紐⑤뱢???ㅼ튂?섏? ?딆븯?듬땲?? attendance_management
ERROR:core.backend.module_marketplace_system:?섏〈??紐⑤뱢???ㅼ튂?섏? ?딆븯?듬땲?? attendance_management
F.......E...C:\Users\dsasl\AppData\Roaming\Python\Python310\site-packages\werkzeug\routing\rules.py:818: Ru
ntimeWarning: coroutine 'PluginMicroserviceManager.cleanup_unused_resources' was never awaited
  code = compile(module, "<werkzeug routing>", "exec")
RuntimeWarning: Enable tracemalloc to get the object allocation traceback
.C:\Users\dsasl\AppData\Roaming\Python\Python310\site-packages\werkzeug\routing\rules.py:818: RuntimeWarnin
g: coroutine 'PluginMicroserviceManager.create_service' was never awaited
  code = compile(module, "<werkzeug routing>", "exec")
RuntimeWarning: Enable tracemalloc to get the object allocation traceback
ERROR:api.plugin_microservice_api:?쒗뵆由??쒕퉬???앹꽦 ?ㅽ뙣: cannot unpack non-iterable Response object
F.C:\Users\dsasl\AppData\Roaming\Python\Python310\site-packages\werkzeug\routing\rules.py:752: RuntimeWarni
ng: coroutine 'PluginMicroserviceManager.delete_service' was never awaited
  parts = [
RuntimeWarning: Enable tracemalloc to get the object allocation traceback
..C:\Users\dsasl\AppData\Roaming\Python\Python310\site-packages\werkzeug\routing\rules.py:818: RuntimeWarni
ng: coroutine 'PluginMicroserviceManager.get_service' was never awaited
  code = compile(module, "<werkzeug routing>", "exec")
RuntimeWarning: Enable tracemalloc to get the object allocation traceback
.C:\Program Files\Python310\lib\urllib\parse.py:870: RuntimeWarning: coroutine 'PluginMicroserviceManager.g
et_service_logs' was never awaited
  return quote_from_bytes(string, safe)
RuntimeWarning: Enable tracemalloc to get the object allocation traceback
.C:\Users\dsasl\AppData\Roaming\Python\Python310\site-packages\werkzeug\routing\rules.py:753: RuntimeWarnin
g: coroutine 'PluginMicroserviceManager.get_service_metrics' was never awaited
  _convert(elem) if is_dynamic else ast.Constant(elem)
RuntimeWarning: Enable tracemalloc to get the object allocation traceback
.C:\Users\dsasl\AppData\Roaming\Python\Python310\site-packages\werkzeug\routing\rules.py:753: RuntimeWarnin
g: coroutine 'PluginMicroserviceManager.get_service_discovery_info' was never awaited
  _convert(elem) if is_dynamic else ast.Constant(elem)
RuntimeWarning: Enable tracemalloc to get the object allocation traceback
.C:\Users\dsasl\AppData\Roaming\Python\Python310\site-packages\werkzeug\routing\rules.py:818: RuntimeWarnin
g: coroutine 'PluginMicroserviceManager.get_service_discovery_info' was never awaited
  code = compile(module, "<werkzeug routing>", "exec")
RuntimeWarning: Enable tracemalloc to get the object allocation traceback
.C:\Users\dsasl\AppData\Roaming\Python\Python310\site-packages\werkzeug\routing\rules.py:747: RuntimeWarnin
g: coroutine 'PluginMicroserviceManager.list_services' was never awaited
  ret = _prefix_names(_CALL_CONVERTER_CODE_FMT.format(elem=elem))
RuntimeWarning: Enable tracemalloc to get the object allocation traceback
..C:\Program Files\Python310\lib\ast.py:50: RuntimeWarning: coroutine 'PluginMicroserviceManager.scale_serv
ice' was never awaited
  return compile(source, filename, mode, flags,
RuntimeWarning: Enable tracemalloc to get the object allocation traceback
..C:\Program Files\Python310\lib\abc.py:123: RuntimeWarning: coroutine 'PluginMicroserviceManager.stop_serv
ice' was never awaited
  return _abc_subclasscheck(cls, subclass)
RuntimeWarning: Enable tracemalloc to get the object allocation traceback
ERROR:core.backend.plugin_microservice_manager:Docker ?대씪?댁뼵??珥덇린???ㅽ뙣: Error while fetching server API ver
sion: (2, 'CreateFile', '吏?뺣맂 ?뚯씪??李얠쓣 ???놁뒿?덈떎.')
INFO:core.backend.plugin_microservice_manager:?ъ뒪 泥댄겕 紐⑤땲?곕쭅 ?쒖옉
C:\Program Files\Python310\lib\unittest\case.py:549: RuntimeWarning: coroutine 'TestPluginMicroserviceManag
er.test_cleanup_unused_resources' was never awaited
  method()
RuntimeWarning: Enable tracemalloc to get the object allocation traceback
.ERROR:core.backend.plugin_microservice_manager:Docker ?대씪?댁뼵??珥덇린???ㅽ뙣: Error while fetching server API ve
rsion: (2, 'CreateFile', '吏?뺣맂 ?뚯씪??李얠쓣 ???놁뒿?덈떎.')
INFO:core.backend.plugin_microservice_manager:?ъ뒪 泥댄겕 紐⑤땲?곕쭅 ?쒖옉
C:\Program Files\Python310\lib\unittest\case.py:549: RuntimeWarning: coroutine 'TestPluginMicroserviceManag
er.test_create_network' was never awaited
  method()
RuntimeWarning: Enable tracemalloc to get the object allocation traceback
.ERROR:core.backend.plugin_microservice_manager:Docker ?대씪?댁뼵??珥덇린???ㅽ뙣: Error while fetching server API ve
rsion: (2, 'CreateFile', '吏?뺣맂 ?뚯씪??李얠쓣 ???놁뒿?덈떎.')
INFO:core.backend.plugin_microservice_manager:?ъ뒪 泥댄겕 紐⑤땲?곕쭅 ?쒖옉
C:\Program Files\Python310\lib\unittest\case.py:549: RuntimeWarning: coroutine 'TestPluginMicroserviceManag
er.test_create_service' was never awaited
  method()
RuntimeWarning: Enable tracemalloc to get the object allocation traceback
.ERROR:core.backend.plugin_microservice_manager:Docker ?대씪?댁뼵??珥덇린???ㅽ뙣: Error while fetching server API ve
rsion: (2, 'CreateFile', '吏?뺣맂 ?뚯씪??李얠쓣 ???놁뒿?덈떎.')
INFO:core.backend.plugin_microservice_manager:?ъ뒪 泥댄겕 紐⑤땲?곕쭅 ?쒖옉
C:\Program Files\Python310\lib\unittest\case.py:549: RuntimeWarning: coroutine 'TestPluginMicroserviceManag
er.test_delete_service' was never awaited
  method()
RuntimeWarning: Enable tracemalloc to get the object allocation traceback
.ERROR:core.backend.plugin_microservice_manager:Docker ?대씪?댁뼵??珥덇린???ㅽ뙣: Error while fetching server API ve
rsion: (2, 'CreateFile', '吏?뺣맂 ?뚯씪??李얠쓣 ???놁뒿?덈떎.')
INFO:core.backend.plugin_microservice_manager:?ъ뒪 泥댄겕 紐⑤땲?곕쭅 ?쒖옉
INFO:core.backend.plugin_microservice_manager:Docker ?대씪?댁뼵??珥덇린???깃났
ERROR:core.backend.plugin_microservice_manager:?ㅽ듃?뚰겕 ?앹꽦 ?ㅽ뙣: plugin_network - 'Mock' object is not subscr
iptable
ERROR:core.backend.plugin_microservice_manager:?ㅽ듃?뚰겕 ?앹꽦 ?ㅽ뙣: plugin_isolated - 'Mock' object is not subsc
riptable
INFO:core.backend.plugin_microservice_manager:?뚮윭洹몄씤 ?ㅽ듃?뚰겕 珥덇린???꾨즺
ERROR:core.backend.plugin_microservice_manager:湲곗〈 ?쒕퉬??濡쒕뱶 ?ㅽ뙣: 'Mock' object is not iterable
INFO:core.backend.plugin_microservice_manager:?ъ뒪 泥댄겕 紐⑤땲?곕쭅 ?쒖옉
EERROR:core.backend.plugin_microservice_manager:Docker ?대씪?댁뼵??珥덇린???ㅽ뙣: Error while fetching server API ve
rsion: (2, 'CreateFile', '吏?뺣맂 ?뚯씪??李얠쓣 ???놁뒿?덈떎.')
INFO:core.backend.plugin_microservice_manager:?ъ뒪 泥댄겕 紐⑤땲?곕쭅 ?쒖옉
C:\Program Files\Python310\lib\unittest\case.py:549: RuntimeWarning: coroutine 'TestPluginMicroserviceManag
er.test_get_service' was never awaited
  method()
RuntimeWarning: Enable tracemalloc to get the object allocation traceback
.ERROR:core.backend.plugin_microservice_manager:Docker ?대씪?댁뼵??珥덇린???ㅽ뙣: Error while fetching server API ve
rsion: (2, 'CreateFile', '吏?뺣맂 ?뚯씪??李얠쓣 ???놁뒿?덈떎.')
INFO:core.backend.plugin_microservice_manager:?ъ뒪 泥댄겕 紐⑤땲?곕쭅 ?쒖옉
C:\Program Files\Python310\lib\unittest\case.py:549: RuntimeWarning: coroutine 'TestPluginMicroserviceManag
er.test_get_service_discovery_info' was never awaited
  method()
RuntimeWarning: Enable tracemalloc to get the object allocation traceback
.ERROR:core.backend.plugin_microservice_manager:Docker ?대씪?댁뼵??珥덇린???ㅽ뙣: Error while fetching server API ve
rsion: (2, 'CreateFile', '吏?뺣맂 ?뚯씪??李얠쓣 ???놁뒿?덈떎.')
INFO:core.backend.plugin_microservice_manager:?ъ뒪 泥댄겕 紐⑤땲?곕쭅 ?쒖옉
C:\Program Files\Python310\lib\unittest\case.py:549: RuntimeWarning: coroutine 'TestPluginMicroserviceManag
er.test_get_service_logs' was never awaited
  method()
RuntimeWarning: Enable tracemalloc to get the object allocation traceback
.ERROR:core.backend.plugin_microservice_manager:Docker ?대씪?댁뼵??珥덇린???ㅽ뙣: Error while fetching server API ve
rsion: (2, 'CreateFile', '吏?뺣맂 ?뚯씪??李얠쓣 ???놁뒿?덈떎.')
INFO:core.backend.plugin_microservice_manager:?ъ뒪 泥댄겕 紐⑤땲?곕쭅 ?쒖옉
C:\Program Files\Python310\lib\unittest\case.py:549: RuntimeWarning: coroutine 'TestPluginMicroserviceManag
er.test_get_service_metrics' was never awaited
  method()
RuntimeWarning: Enable tracemalloc to get the object allocation traceback
.ERROR:core.backend.plugin_microservice_manager:Docker ?대씪?댁뼵??珥덇린???ㅽ뙣: Error while fetching server API ve
rsion: (2, 'CreateFile', '吏?뺣맂 ?뚯씪??李얠쓣 ???놁뒿?덈떎.')
INFO:core.backend.plugin_microservice_manager:?ъ뒪 泥댄겕 紐⑤땲?곕쭅 ?쒖옉
C:\Program Files\Python310\lib\unittest\case.py:549: RuntimeWarning: coroutine 'TestPluginMicroserviceManag
er.test_list_services' was never awaited
  method()
RuntimeWarning: Enable tracemalloc to get the object allocation traceback
.ERROR:core.backend.plugin_microservice_manager:Docker ?대씪?댁뼵??珥덇린???ㅽ뙣: Error while fetching server API ve
rsion: (2, 'CreateFile', '吏?뺣맂 ?뚯씪??李얠쓣 ???놁뒿?덈떎.')
INFO:core.backend.plugin_microservice_manager:?ъ뒪 泥댄겕 紐⑤땲?곕쭅 ?쒖옉
.ERROR:core.backend.plugin_microservice_manager:Docker ?대씪?댁뼵??珥덇린???ㅽ뙣: Error while fetching server API ve
rsion: (2, 'CreateFile', '吏?뺣맂 ?뚯씪??李얠쓣 ???놁뒿?덈떎.')
INFO:core.backend.plugin_microservice_manager:?ъ뒪 泥댄겕 紐⑤땲?곕쭅 ?쒖옉
EERROR:core.backend.plugin_microservice_manager:Docker ?대씪?댁뼵??珥덇린???ㅽ뙣: Error while fetching server API ve
rsion: (2, 'CreateFile', '吏?뺣맂 ?뚯씪??李얠쓣 ???놁뒿?덈떎.')
INFO:core.backend.plugin_microservice_manager:?ъ뒪 泥댄겕 紐⑤땲?곕쭅 ?쒖옉
C:\Program Files\Python310\lib\unittest\case.py:549: RuntimeWarning: coroutine 'TestPluginMicroserviceManag
er.test_restart_service' was never awaited
  method()
RuntimeWarning: Enable tracemalloc to get the object allocation traceback
.ERROR:core.backend.plugin_microservice_manager:Docker ?대씪?댁뼵??珥덇린???ㅽ뙣: Error while fetching server API ve
rsion: (2, 'CreateFile', '吏?뺣맂 ?뚯씪??李얠쓣 ???놁뒿?덈떎.')
INFO:core.backend.plugin_microservice_manager:?ъ뒪 泥댄겕 紐⑤땲?곕쭅 ?쒖옉
C:\Program Files\Python310\lib\unittest\case.py:549: RuntimeWarning: coroutine 'TestPluginMicroserviceManag
er.test_scale_service' was never awaited
  method()
RuntimeWarning: Enable tracemalloc to get the object allocation traceback
.ERROR:core.backend.plugin_microservice_manager:Docker ?대씪?댁뼵??珥덇린???ㅽ뙣: Error while fetching server API ve
rsion: (2, 'CreateFile', '吏?뺣맂 ?뚯씪??李얠쓣 ???놁뒿?덈떎.')
INFO:core.backend.plugin_microservice_manager:?ъ뒪 泥댄겕 紐⑤땲?곕쭅 ?쒖옉
C:\Program Files\Python310\lib\unittest\case.py:549: RuntimeWarning: coroutine 'TestPluginMicroserviceManag
er.test_stop_service' was never awaited
  method()
RuntimeWarning: Enable tracemalloc to get the object allocation traceback
.....
======================================================================
ERROR: test_plugin_automation (unittest.loader._FailedTest)
----------------------------------------------------------------------
ImportError: Failed to import test module: test_plugin_automation
Traceback (most recent call last):
  File "C:\Program Files\Python310\lib\unittest\loader.py", line 436, in _find_test_path
    module = self._get_module_from_name(name)
  File "C:\Program Files\Python310\lib\unittest\loader.py", line 377, in _get_module_from_name
    __import__(name)
  File "C:\your_program\tests\test_plugin_automation.py", line 20, in <module>
    from api.plugin_automation_api import plugin_automation_bp
  File "C:\your_program\api\plugin_automation_api.py", line 19, in <module>
    from core.backend.plugin_automation_manager import PluginAutomationManager
ModuleNotFoundError: No module named 'core.backend.plugin_automation_manager'


======================================================================
ERROR: test_docker_client_initialization (test_plugin_microservice.TestPluginMicroserviceManager)
Docker ?대씪?댁뼵??珥덇린???뚯뒪??
----------------------------------------------------------------------
Traceback (most recent call last):
  File "C:\Program Files\Python310\lib\unittest\mock.py", line 1369, in patched
    return func(*newargs, **newkeywargs)
  File "C:\your_program\tests\test_plugin_microservice.py", line 213, in test_docker_client_initialization
    manager = PluginMicroserviceManager()
  File "C:\your_program\core\backend\plugin_microservice_manager.py", line 159, in __init__
    self._init_docker_client()
  File "C:\your_program\core\backend\plugin_microservice_manager.py", line 167, in _init_docker_client
    self.docker_client = docker.from_env()
  File "C:\Program Files\Python310\lib\unittest\mock.py", line 1104, in __call__
    return self._mock_call(*args, **kwargs)
  File "C:\Program Files\Python310\lib\unittest\mock.py", line 1108, in _mock_call
    return self._execute_mock_call(*args, **kwargs)
  File "C:\Program Files\Python310\lib\unittest\mock.py", line 1163, in _execute_mock_call
    raise effect
Exception: Docker not available

======================================================================
ERROR: test_port_manager (test_plugin_microservice.TestPluginMicroserviceManager)
?ы듃 愿由ъ옄 ?뚯뒪??
----------------------------------------------------------------------
Traceback (most recent call last):
  File "C:\your_program\tests\test_plugin_microservice.py", line 221, in test_port_manager
    port1 = port_manager.allocate_port()
AttributeError: 'PortManager' object has no attribute 'allocate_port'

======================================================================
FAIL: test_get_available_modules (test_module_marketplace.TestModuleMarketplaceAPI)
?ъ슜 媛?ν븳 紐⑤뱢 紐⑸줉 議고쉶 ?뚯뒪??
----------------------------------------------------------------------
Traceback (most recent call last):
  File "C:\your_program\tests\test_module_marketplace.py", line 510, in test_get_available_modules
    self.assertIn('total', data)
AssertionError: 'total' not found in {'categories': ['hr_management', 'equipment_management', 'development'
, 'ai_analytics', 'kitchen_management', 'task_management', 'quality_management'], 'modules': [{'author': 'S
ystem Admin', 'category': 'hr_management', 'created_at': '2024-01-15T10:00:00Z', 'description': '吏곸썝蹂?異쒓렐/?
닿렐/吏媛?珥덇낵洹쇰Т 湲곕줉, ?듦퀎, ?뚮┝??愿由ы븯??醫낇빀?곸씤 ?쒖뒪??, 'downloads': 1350, 'features': ['異쒓렐/?닿렐 湲곕줉 愿由?, '吏媛?議
고눜 ?먮룞 ?먮떒', '珥덇낵洹쇰Т ?쒓컙 怨꾩궛', '?ㅼ떆媛??듦퀎 諛?遺꾩꽍', '?먮룞 ?뚮┝ ?쒖뒪??, '怨꾩링蹂?沅뚰븳 愿由?, '?뚯뒪???곗씠???앹꽦'], 'id': 'a
ttendance_management', 'name': '異쒗눜洹?愿由??쒖뒪??, 'permissions': ['plugin_management'], 'price': 0, 'rating':
 4.8, 'requirements': {'dependencies': ['flask', 'sqlalchemy'], 'permissions': ['attendance_management'], '
python_version': '3.8+'}, 'screenshots': ['/static/marketplace/attendance_management_1.png', '/static/marke
tplace/attendance_management_2.png'], 'status': 'approved', 'tags': ['異쒗눜洹?, '洹쇳깭愿由?, '?뚮┝', '?듦퀎', '?몄궗愿
由?], 'updated_at': '2024-01-15T10:00:00Z', 'version': '1.0.0'}, {'author': 'System Admin', 'category': 'qua
lity_management', 'created_at': '2024-01-15T10:00:00Z', 'description': '?덉쭏(Quality), ?쒕퉬??Service), 泥?껐(Cl
eanliness) ?먭???泥닿퀎?곸쑝濡?愿由ы븯???쒖뒪??, 'downloads': 1250, 'features': ['?ㅼ떆媛?QSC ?먭? 湲곕줉', '?먭? ??ぉ 而ㅼ뒪?곕쭏?댁
쭠', '?먭? 寃곌낵 ?듦퀎 諛?由ы룷??, '?뚮┝ 諛?寃쎄퀬 ?쒖뒪??, '紐⑤컮??吏??], 'id': 'qsc_system', 'name': 'QSC ?먭? ?쒖뒪??, 'price
': 0, 'rating': 4.8, 'requirements': {'dependencies': ['flask', 'sqlalchemy'], 'permissions': ['qsc_managem
ent'], 'python_version': '3.8+'}, 'screenshots': ['/static/marketplace/qsc_system_1.png', '/static/marketpl
ace/qsc_system_2.png'], 'status': 'approved', 'tags': ['?덉쭏愿由?, '?먭?', 'QSC', '?쒖???], 'updated_at': '2024
-01-15T10:00:00Z', 'version': '1.0.0'}, {'author': 'System Admin', 'category': 'kitchen_management', 'creat
ed_at': '2024-01-15T10:00:00Z', 'description': '硫붾돱蹂?議곕━ ?쒓컙???덉륫?섍퀬 ?ㅼ젣 ?쒓컙怨?鍮꾧탳?섏뿬 ?⑥쑉?깆쓣 遺꾩꽍?섎뒗 ?쒖뒪??, '
downloads': 1100, 'features': ['硫붾돱蹂?議곕━?쒓컙 ?덉륫', '?ㅼ젣 議곕━?쒓컙 湲곕줉', '?⑥쑉??遺꾩꽍 諛??듦퀎', '?붾━??寃쏀뿕蹂?議곗젙', '硫붾돱
 而ㅼ뒪?곕쭏?댁쭠 ?쒓컙 怨꾩궛'], 'id': 'cooktime_system', 'name': '議곕━ ?덉긽?쒓컙 ?쒖뒪??, 'price': 0, 'rating': 4.7, 'requi
rements': {'dependencies': ['flask', 'sqlalchemy'], 'permissions': ['cooktime_management'], 'python_version
': '3.8+'}, 'screenshots': ['/static/marketplace/cooktime_system_1.png', '/static/marketplace/cooktime_syst
em_2.png'], 'status': 'approved', 'tags': ['議곕━?쒓컙', '?덉륫', '?⑥쑉??, '二쇰갑愿由?], 'updated_at': '2024-01-15T10
:00:00Z', 'version': '1.0.0'}, {'author': 'System Admin', 'category': 'task_management', 'created_at': '202
4-01-15T10:00:00Z', 'description': '?쇱씪 ?낅Т 泥댄겕由ъ뒪?몃? 愿由ы븯怨??꾨즺?⑥쓣 異붿쟻?섎뒗 ?쒖뒪??, 'downloads': 980, 'featur
es': ['?쇱씪/二쇨컙/?붽컙 泥댄겕由ъ뒪??, '?낅Т蹂?泥댄겕由ъ뒪???쒗뵆由?, '?꾨즺??異붿쟻 諛??듦퀎', '?蹂??낅Т ?좊떦', '?뚮┝ 諛?由щ쭏?몃뜑'], 'id': '
checklist_system', 'name': '?낅Т 泥댄겕由ъ뒪???쒖뒪??, 'price': 0, 'rating': 4.6, 'requirements': {'dependencies': 
['flask', 'sqlalchemy'], 'permissions': ['checklist_management'], 'python_version': '3.8+'}, 'screenshots':
 ['/static/marketplace/checklist_system_1.png', '/static/marketplace/checklist_system_2.png'], 'status': 'a
pproved', 'tags': ['泥댄겕由ъ뒪??, '?낅Т愿由?, '?좎씪愿由?, '吏꾪뻾瑜?], 'updated_at': '2024-01-15T10:00:00Z', 'version':
 '1.0.0'}, {'author': 'System Admin', 'category': 'equipment_management', 'created_at': '2024-01-15T10:00:0
0Z', 'description': '二쇰갑 ?ㅻ퉬???곹깭瑜??ㅼ떆媛꾩쑝濡?紐⑤땲?곕쭅?섍퀬 ?좎?蹂댁닔瑜?愿由ы븯???쒖뒪??, 'downloads': 850, 'features': ['
?ㅼ떆媛??ㅻ퉬 ?곹깭 紐⑤땲?곕쭅', '?⑤룄, ?⑥쑉????吏??異붿쟻', '?좎?蹂댁닔 ?쇱젙 愿由?, '?뚮┝ 諛?寃쎄퀬 ?쒖뒪??, '?ㅻ퉬 ?쒖뼱 湲곕뒫'], 'id': 'kit
chen_monitor', 'name': '二쇰갑 紐⑤땲?곕쭅 ?쒖뒪??, 'price': 0, 'rating': 4.9, 'requirements': {'dependencies': ['fla
sk', 'sqlalchemy'], 'permissions': ['kitchen_monitor_management'], 'python_version': '3.8+'}, 'screenshots'
: ['/static/marketplace/kitchen_monitor_1.png', '/static/marketplace/kitchen_monitor_2.png'], 'status': 'ap
proved', 'tags': ['二쇰갑紐⑤땲?곕쭅', '?ㅻ퉬愿由?, '?좎?蹂댁닔', 'IoT'], 'updated_at': '2024-01-15T10:00:00Z', 'version':
 '1.0.0'}, {'author': 'System Admin', 'category': 'ai_analytics', 'created_at': '2024-01-15T10:00:00Z', 'de
scription': 'AI瑜??쒖슜?섏뿬 ?낅Т ?⑥쑉?깆쓣 遺꾩꽍?섍퀬 媛쒖꽑?덉쓣 ?쒖떆?섎뒗 ?쒖뒪??, 'downloads': 650, 'features': ['?낅Т ?⑥쑉??AI 
遺꾩꽍', '媛쒖꽑???먮룞 ?앹꽦', '?깅뒫 吏????쒕낫??, '?덉륫 遺꾩꽍', '媛쒖꽑 ?④낵 異붿쟻'], 'id': 'ai_diagnosis', 'name': 'AI 吏꾨떒 諛?
媛쒖꽑???쒖뒪??, 'price': 0, 'rating': 4.5, 'requirements': {'dependencies': ['flask', 'sqlalchemy', 'pandas', '
numpy'], 'permissions': ['ai_management'], 'python_version': '3.8+'}, 'screenshots': ['/static/marketplace/
ai_diagnosis_1.png', '/static/marketplace/ai_diagnosis_2.png'], 'status': 'approved', 'tags': ['AI', '吏꾨떒',
 '遺꾩꽍', '媛쒖꽑??, '理쒖쟻??], 'updated_at': '2024-01-15T10:00:00Z', 'version': '1.0.0'}, {'author': 'System Admi
n', 'category': 'development', 'created_at': '2024-01-15T10:00:00Z', 'description': '?ъ슜???뺤쓽 ?뚮윭洹몄씤???깅줉?섍
퀬 愿由ы븷 ???덈뒗 ?쒖뒪??, 'downloads': 420, 'features': ['?뚮윭洹몄씤 ?깅줉 諛?寃利?, '?뚮윭洹몄씤 踰꾩쟾 愿由?, '蹂댁븞 寃??諛??뱀씤', 
'?뚮윭洹몄씤 留덉폆?뚮젅?댁뒪 ?곕룞', '媛쒕컻???꾧뎄'], 'id': 'plugin_registration', 'name': '?뚮윭洹몄씤 ?깅줉 ?쒖뒪??, 'price': 0, 'r
ating': 4.4, 'requirements': {'dependencies': ['flask', 'sqlalchemy', 'gitpython'], 'python_version': '3.8+
'}, 'screenshots': ['/static/marketplace/plugin_registration_1.png', '/static/marketplace/plugin_registrati
on_2.png'], 'status': 'approved', 'tags': ['?뚮윭洹몄씤', '媛쒕컻', '?뺤옣', '而ㅼ뒪?곕쭏?댁쭠'], 'updated_at': '2024-01-15T
10:00:00Z', 'version': '1.0.0'}], 'pagination': {'page': 1, 'pages': 1, 'per_page': 12, 'total': 7}, 'succe
ss': True, 'total_modules': 7}

======================================================================
FAIL: test_get_module_categories (test_module_marketplace.TestModuleMarketplaceAPI)
紐⑤뱢 移댄뀒怨좊━ 紐⑸줉 議고쉶 ?뚯뒪??
----------------------------------------------------------------------
Traceback (most recent call last):
  File "C:\your_program\tests\test_module_marketplace.py", line 546, in test_get_module_categories
    self.assertIn('hr', categories)  # ?몄궗 移댄뀒怨좊━ 議댁옱 ?뺤씤
AssertionError: 'hr' not found in [{'count': 1, 'modules': [{'downloads': 1250, 'id': 'qsc_system', 'name':
 'QSC ?먭? ?쒖뒪??, 'rating': 4.8}], 'name': 'quality_management'}, {'count': 1, 'modules': [{'downloads': 980
, 'id': 'checklist_system', 'name': '?낅Т 泥댄겕由ъ뒪???쒖뒪??, 'rating': 4.6}], 'name': 'task_management'}, {'coun
t': 1, 'modules': [{'downloads': 1100, 'id': 'cooktime_system', 'name': '議곕━ ?덉긽?쒓컙 ?쒖뒪??, 'rating': 4.7}],
 'name': 'kitchen_management'}, {'count': 1, 'modules': [{'downloads': 850, 'id': 'kitchen_monitor', 'name'
: '二쇰갑 紐⑤땲?곕쭅 ?쒖뒪??, 'rating': 4.9}], 'name': 'equipment_management'}, {'count': 1, 'modules': [{'downloads
': 650, 'id': 'ai_diagnosis', 'name': 'AI 吏꾨떒 諛?媛쒖꽑???쒖뒪??, 'rating': 4.5}], 'name': 'ai_analytics'}, {'cou
nt': 1, 'modules': [{'downloads': 420, 'id': 'plugin_registration', 'name': '?뚮윭洹몄씤 ?깅줉 ?쒖뒪??, 'rating': 4.
4}], 'name': 'development'}, {'count': 1, 'modules': [{'downloads': 1350, 'id': 'attendance_management', 'n
ame': '異쒗눜洹?愿由??쒖뒪??, 'rating': 4.8}], 'name': 'hr_management'}]

======================================================================
FAIL: test_get_module_detail (test_module_marketplace.TestModuleMarketplaceAPI)
紐⑤뱢 ?곸꽭 ?뺣낫 議고쉶 ?뚯뒪??
----------------------------------------------------------------------
Traceback (most recent call last):
  File "C:\your_program\tests\test_module_marketplace.py", line 525, in test_get_module_detail
    self.assertEqual(response.status_code, 200)
AssertionError: 500 != 200

======================================================================
FAIL: test_get_module_reviews (test_module_marketplace.TestModuleMarketplaceAPI)
紐⑤뱢 由щ럭 紐⑸줉 議고쉶 ?뚯뒪??
----------------------------------------------------------------------
Traceback (most recent call last):
  File "C:\your_program\tests\test_module_marketplace.py", line 566, in test_get_module_reviews
    self.assertEqual(response.status_code, 200)
AssertionError: 404 != 200

======================================================================
FAIL: test_module_statistics (test_module_marketplace.TestModuleMarketplaceSystem)
紐⑤뱢 ?듦퀎 ?뚯뒪??
----------------------------------------------------------------------
Traceback (most recent call last):
  File "C:\your_program\tests\test_module_marketplace.py", line 263, in test_module_statistics
    self.assertEqual(stats['total_deactivated'], 1)
AssertionError: 0 != 1

======================================================================
FAIL: test_scope_based_installation (test_module_marketplace.TestModuleMarketplaceSystem)
踰붿쐞蹂?紐⑤뱢 ?ㅼ튂 ?뚯뒪??
----------------------------------------------------------------------
Traceback (most recent call last):
  File "C:\your_program\tests\test_module_marketplace.py", line 323, in test_scope_based_installation
    self.assertEqual(len(branch_modules), 1)
AssertionError: 0 != 1

======================================================================
FAIL: test_create_service_from_template_endpoint (test_plugin_microservice.TestPluginMicroserviceAPI)
?쒗뵆由??쒕퉬???앹꽦 API ?뚯뒪??
----------------------------------------------------------------------
Traceback (most recent call last):
  File "C:\your_program\tests\test_plugin_microservice.py", line 988, in test_create_service_from_template_
endpoint
    self.assertEqual(response.status_code, 201)
AssertionError: 500 != 201

----------------------------------------------------------------------
Ran 65 tests in 0.458s

FAILED (failures=7, errors=3)
sys:1: RuntimeWarning: coroutine 'PluginMicroserviceManager.restart_service' was never awaited
RuntimeWarning: Enable tracemalloc to get the object allocation traceback
